Component: Arm Compiler for Embedded 6.22 Tool: armlink [5ee90200]

==============================================================================

Section Cross References

    startup_stm32f407xx.o(STACK) refers (Special) to heapauxi.o(.text) for __use_two_region_memory
    startup_stm32f407xx.o(HEAP) refers (Special) to heapauxi.o(.text) for __use_two_region_memory
    startup_stm32f407xx.o(RESET) refers (Special) to heapauxi.o(.text) for __use_two_region_memory
    startup_stm32f407xx.o(RESET) refers to startup_stm32f407xx.o(STACK) for __initial_sp
    startup_stm32f407xx.o(RESET) refers to startup_stm32f407xx.o(.text) for Reset_Handler
    startup_stm32f407xx.o(RESET) refers to stm32f4xx_it.o(.text.NMI_Handler) for NMI_Handler
    startup_stm32f407xx.o(RESET) refers to stm32f4xx_it.o(.text.HardFault_Handler) for HardFault_Handler
    startup_stm32f407xx.o(RESET) refers to stm32f4xx_it.o(.text.MemManage_Handler) for MemManage_Handler
    startup_stm32f407xx.o(RESET) refers to stm32f4xx_it.o(.text.BusFault_Handler) for BusFault_Handler
    startup_stm32f407xx.o(RESET) refers to stm32f4xx_it.o(.text.UsageFault_Handler) for UsageFault_Handler
    startup_stm32f407xx.o(RESET) refers to stm32f4xx_it.o(.text.SVC_Handler) for SVC_Handler
    startup_stm32f407xx.o(RESET) refers to stm32f4xx_it.o(.text.DebugMon_Handler) for DebugMon_Handler
    startup_stm32f407xx.o(RESET) refers to stm32f4xx_it.o(.text.PendSV_Handler) for PendSV_Handler
    startup_stm32f407xx.o(RESET) refers to stm32f4xx_it.o(.text.SysTick_Handler) for SysTick_Handler
    startup_stm32f407xx.o(RESET) refers to stm32f4xx_it.o(.text.EXTI0_IRQHandler) for EXTI0_IRQHandler
    startup_stm32f407xx.o(RESET) refers to stm32f4xx_it.o(.text.CAN1_RX0_IRQHandler) for CAN1_RX0_IRQHandler
    startup_stm32f407xx.o(RESET) refers to stm32f4xx_it.o(.text.OTG_FS_IRQHandler) for OTG_FS_IRQHandler
    startup_stm32f407xx.o(.text) refers (Special) to heapauxi.o(.text) for __use_two_region_memory
    startup_stm32f407xx.o(.text) refers to system_stm32f4xx.o(.text.SystemInit) for SystemInit
    startup_stm32f407xx.o(.text) refers to __main.o(!!!main) for __main
    startup_stm32f407xx.o(.text) refers to startup_stm32f407xx.o(HEAP) for Heap_Mem
    startup_stm32f407xx.o(.text) refers to startup_stm32f407xx.o(STACK) for Stack_Mem
    main.o(.text.main) refers to stm32f4xx_hal.o(.text.HAL_Init) for HAL_Init
    main.o(.text.main) refers to rt_memclr_w.o(.text) for __aeabi_memclr4
    main.o(.text.main) refers to stm32f4xx_hal_rcc.o(.text.HAL_RCC_OscConfig) for HAL_RCC_OscConfig
    main.o(.text.main) refers to stm32f4xx_hal_rcc.o(.text.HAL_RCC_ClockConfig) for HAL_RCC_ClockConfig
    main.o(.text.main) refers to stm32f4xx_hal_gpio.o(.text.HAL_GPIO_WritePin) for HAL_GPIO_WritePin
    main.o(.text.main) refers to stm32f4xx_hal_gpio.o(.text.HAL_GPIO_Init) for HAL_GPIO_Init
    main.o(.text.main) refers to stm32f4xx_hal_cortex.o(.text.HAL_NVIC_SetPriority) for HAL_NVIC_SetPriority
    main.o(.text.main) refers to stm32f4xx_hal_cortex.o(.text.HAL_NVIC_EnableIRQ) for HAL_NVIC_EnableIRQ
    main.o(.text.main) refers to main.o(.bss..L_MergedGlobals) for .L_MergedGlobals
    main.o(.text.main) refers to stm32f4xx_hal_can.o(.text.HAL_CAN_Init) for HAL_CAN_Init
    main.o(.text.main) refers to main.o(.bss.hi2c1) for hi2c1
    main.o(.text.main) refers to stm32f4xx_hal_i2c.o(.text.HAL_I2C_Init) for HAL_I2C_Init
    main.o(.text.main) refers to main.o(.bss.hi2s3) for hi2s3
    main.o(.text.main) refers to stm32f4xx_hal_i2s.o(.text.HAL_I2S_Init) for HAL_I2S_Init
    main.o(.text.main) refers to main.o(.bss.hspi1) for hspi1
    main.o(.text.main) refers to stm32f4xx_hal_spi.o(.text.HAL_SPI_Init) for HAL_SPI_Init
    main.o(.text.main) refers to usb_host.o(.text.MX_USB_HOST_Init) for MX_USB_HOST_Init
    main.o(.text.main) refers to stm32f4xx_hal_can.o(.text.HAL_CAN_Start) for HAL_CAN_Start
    main.o(.text.main) refers to stm32f4xx_hal_can.o(.text.HAL_CAN_ActivateNotification) for HAL_CAN_ActivateNotification
    main.o(.text.main) refers to main.o(.data.txData) for txData
    main.o(.text.main) refers to stm32f4xx_hal_can.o(.text.HAL_CAN_AddTxMessage) for HAL_CAN_AddTxMessage
    main.o(.text.main) refers to usb_host.o(.text.MX_USB_HOST_Process) for MX_USB_HOST_Process
    main.o(.text.main) refers to stm32f4xx_hal_gpio.o(.text.HAL_GPIO_TogglePin) for HAL_GPIO_TogglePin
    main.o(.text.main) refers to stm32f4xx_hal.o(.text.HAL_Delay) for HAL_Delay
    main.o(.ARM.exidx.text.main) refers to main.o(.text.main) for [Anonymous Symbol]
    main.o(.text.SystemClock_Config) refers to rt_memclr_w.o(.text) for __aeabi_memclr4
    main.o(.text.SystemClock_Config) refers to stm32f4xx_hal_rcc.o(.text.HAL_RCC_OscConfig) for HAL_RCC_OscConfig
    main.o(.text.SystemClock_Config) refers to stm32f4xx_hal_rcc.o(.text.HAL_RCC_ClockConfig) for HAL_RCC_ClockConfig
    main.o(.ARM.exidx.text.SystemClock_Config) refers to main.o(.text.SystemClock_Config) for [Anonymous Symbol]
[...]
    [Anonymous Symbol]                       0x08002ffc   Section        0  usbh_ioreq.o(.text.USBH_BulkReceiveData)
    [Anonymous Symbol]                       0x08003024   Section        0  usbh_ioreq.o(.text.USBH_BulkSendData)
    USBH_CDC_ClassRequest                    0x08003059   Thumb Code    60  usbh_cdc.o(.text.USBH_CDC_ClassRequest)
    [Anonymous Symbol]                       0x08003058   Section        0  usbh_cdc.o(.text.USBH_CDC_ClassRequest)
    USBH_CDC_InterfaceDeInit                 0x08003095   Thumb Code   100  usbh_cdc.o(.text.USBH_CDC_InterfaceDeInit)
    [Anonymous Symbol]                       0x08003094   Section        0  usbh_cdc.o(.text.USBH_CDC_InterfaceDeInit)
    USBH_CDC_InterfaceInit                   0x080030f9   Thumb Code   342  usbh_cdc.o(.text.USBH_CDC_InterfaceInit)
    [Anonymous Symbol]                       0x080030f8   Section        0  usbh_cdc.o(.text.USBH_CDC_InterfaceInit)
    [Anonymous Symbol]                       0x08003250   Section        0  usbh_cdc.o(.text.USBH_CDC_LineCodingChanged)
    USBH_CDC_Process                         0x08003255   Thumb Code   442  usbh_cdc.o(.text.USBH_CDC_Process)
    [Anonymous Symbol]                       0x08003254   Section        0  usbh_cdc.o(.text.USBH_CDC_Process)
    [Anonymous Symbol]                       0x08003410   Section        0  usbh_cdc.o(.text.USBH_CDC_ReceiveCallback)
    USBH_CDC_SOFProcess                      0x08003415   Thumb Code     4  usbh_cdc.o(.text.USBH_CDC_SOFProcess)
    [Anonymous Symbol]                       0x08003414   Section        0  usbh_cdc.o(.text.USBH_CDC_SOFProcess)
    [Anonymous Symbol]                       0x08003418   Section        0  usbh_cdc.o(.text.USBH_CDC_TransmitCallback)
    [Anonymous Symbol]                       0x0800341c   Section        0  usbh_pipes.o(.text.USBH_ClosePipe)
    [Anonymous Symbol]                       0x08003428   Section        0  usbh_ctlreq.o(.text.USBH_ClrFeature)
    [Anonymous Symbol]                       0x08003444   Section        0  usbh_ioreq.o(.text.USBH_CtlReceiveData)
    [Anonymous Symbol]                       0x0800346c   Section        0  usbh_ctlreq.o(.text.USBH_CtlReq)
    [Anonymous Symbol]                       0x08003650   Section        0  usbh_ioreq.o(.text.USBH_CtlSendData)
    [Anonymous Symbol]                       0x08003684   Section        0  usbh_ioreq.o(.text.USBH_CtlSendSetup)
    [Anonymous Symbol]                       0x080036a8   Section        0  usbh_conf.o(.text.USBH_Delay)
    [Anonymous Symbol]                       0x080036ac   Section        0  usbh_core.o(.text.USBH_FindInterface)
    [Anonymous Symbol]                       0x080037a8   Section        0  usbh_pipes.o(.text.USBH_FreePipe)
    [Anonymous Symbol]                       0x080037c0   Section        0  usbh_ctlreq.o(.text.USBH_Get_CfgDesc)
    [Anonymous Symbol]                       0x08003a30   Section        0  usbh_ctlreq.o(.text.USBH_Get_DevDesc)
    [Anonymous Symbol]                       0x08003aec   Section        0  usbh_ctlreq.o(.text.USBH_Get_StringDesc)
    [Anonymous Symbol]                       0x08003ba8   Section        0  usbh_core.o(.text.USBH_Init)
    [Anonymous Symbol]                       0x08003c20   Section        0  usbh_conf.o(.text.USBH_LL_ClosePipe)
    [Anonymous Symbol]                       0x08003c44   Section        0  usbh_core.o(.text.USBH_LL_Connect)
    [Anonymous Symbol]                       0x08003c5c   Section        0  usbh_core.o(.text.USBH_LL_Disconnect)
    [Anonymous Symbol]                       0x08003c8c   Section        0  usbh_conf.o(.text.USBH_LL_DriverVBUS)
    [Anonymous Symbol]                       0x08003ca8   Section        0  usbh_conf.o(.text.USBH_LL_GetLastXferSize)
    [Anonymous Symbol]                       0x08003cb0   Section        0  usbh_conf.o(.text.USBH_LL_GetSpeed)
    [Anonymous Symbol]                       0x08003cc4   Section        0  usbh_conf.o(.text.USBH_LL_GetURBState)
    [Anonymous Symbol]                       0x08003ccc   Section        0  usbh_core.o(.text.USBH_LL_IncTimer)
    [Anonymous Symbol]                       0x08003cec   Section        0  usbh_conf.o(.text.USBH_LL_Init)
    [Anonymous Symbol]                       0x08003d48   Section        0  usbh_conf.o(.text.USBH_LL_OpenPipe)
    [Anonymous Symbol]                       0x08003d7c   Section        0  usbh_core.o(.text.USBH_LL_PortDisabled)
    [Anonymous Symbol]                       0x08003d84   Section        0  usbh_core.o(.text.USBH_LL_PortEnabled)
    [Anonymous Symbol]                       0x08003d8c   Section        0  usbh_conf.o(.text.USBH_LL_ResetPort)
    [Anonymous Symbol]                       0x08003db0   Section        0  usbh_core.o(.text.USBH_LL_SetTimer)
    [Anonymous Symbol]                       0x08003db8   Section        0  usbh_conf.o(.text.USBH_LL_SetToggle)
    [Anonymous Symbol]                       0x08003dd8   Section        0  usbh_conf.o(.text.USBH_LL_Start)
    [Anonymous Symbol]                       0x08003dfc   Section        0  usbh_conf.o(.text.USBH_LL_Stop)
    [Anonymous Symbol]                       0x08003e20   Section        0  usbh_conf.o(.text.USBH_LL_SubmitURB)
    [Anonymous Symbol]                       0x08003e58   Section        0  usbh_pipes.o(.text.USBH_OpenPipe)
    [Anonymous Symbol]                       0x08003e74   Section        0  usbh_core.o(.text.USBH_Process)
    [Anonymous Symbol]                       0x08004320   Section        0  usbh_core.o(.text.USBH_RegisterClass)
    [Anonymous Symbol]                       0x0800433c   Section        0  usbh_core.o(.text.USBH_SelectInterface)
    [Anonymous Symbol]                       0x08004350   Section        0  usbh_ctlreq.o(.text.USBH_SetAddress)
    [Anonymous Symbol]                       0x0800436c   Section        0  usbh_ctlreq.o(.text.USBH_SetCfg)
    [Anonymous Symbol]                       0x08004388   Section        0  usbh_ctlreq.o(.text.USBH_SetFeature)
    [Anonymous Symbol]                       0x080043a4   Section        0  usbh_core.o(.text.USBH_Start)
    USBH_UserProcess                         0x080043b9   Thumb Code    58  usb_host.o(.text.USBH_UserProcess)
    [Anonymous Symbol]                       0x080043b8   Section        0  usb_host.o(.text.USBH_UserProcess)
    [Anonymous Symbol]                       0x080043f4   Section        0  stm32f4xx_ll_usb.o(.text.USB_CoreInit)
    [Anonymous Symbol]                       0x08004608   Section        0  stm32f4xx_ll_usb.o(.text.USB_DisableGlobalInt)
    [Anonymous Symbol]                       0x08004618   Section        0  stm32f4xx_ll_usb.o(.text.USB_DriveVbus)
    [Anonymous Symbol]                       0x08004664   Section        0  stm32f4xx_ll_usb.o(.text.USB_EnableGlobalInt)
    [Anonymous Symbol]                       0x08004674   Section        0  stm32f4xx_ll_usb.o(.text.USB_FlushRxFifo)
    [Anonymous Symbol]                       0x08004734   Section        0  stm32f4xx_ll_usb.o(.text.USB_FlushTxFifo)
    [Anonymous Symbol]                       0x080047f4   Section        0  stm32f4xx_ll_usb.o(.text.USB_GetCurrentFrame)
    [Anonymous Symbol]                       0x080047fc   Section        0  stm32f4xx_ll_usb.o(.text.USB_GetHostSpeed)
    [Anonymous Symbol]                       0x08004814   Section        0  stm32f4xx_ll_usb.o(.text.USB_GetMode)
    [Anonymous Symbol]                       0x0800481c   Section        0  stm32f4xx_ll_usb.o(.text.USB_HC_Halt)
    [Anonymous Symbol]                       0x08004974   Section        0  stm32f4xx_ll_usb.o(.text.USB_HC_Init)
    [Anonymous Symbol]                       0x08004a9c   Section        0  stm32f4xx_ll_usb.o(.text.USB_HC_ReadInterrupt)
    [Anonymous Symbol]                       0x08004aa4   Section        0  stm32f4xx_ll_usb.o(.text.USB_HC_StartXfer)
    [Anonymous Symbol]                       0x08004d9c   Section        0  stm32f4xx_ll_usb.o(.text.USB_HostInit)
    [Anonymous Symbol]                       0x08005074   Section        0  stm32f4xx_ll_usb.o(.text.USB_InitFSLSPClkSel)
    [Anonymous Symbol]                       0x080050b4   Section        0  stm32f4xx_ll_usb.o(.text.USB_ReadChInterrupts)
    [Anonymous Symbol]                       0x080050c4   Section        0  stm32f4xx_ll_usb.o(.text.USB_ReadInterrupts)
    [Anonymous Symbol]                       0x080050cc   Section        0  stm32f4xx_ll_usb.o(.text.USB_ReadPacket)
    [Anonymous Symbol]                       0x08005178   Section        0  stm32f4xx_ll_usb.o(.text.USB_ResetPort)
    [Anonymous Symbol]                       0x080051b8   Section        0  stm32f4xx_ll_usb.o(.text.USB_SetCurrentMode)
    [Anonymous Symbol]                       0x08005520   Section        0  stm32f4xx_ll_usb.o(.text.USB_StopHost)
    [Anonymous Symbol]                       0x08005e58   Section        0  stm32f4xx_it.o(.text.UsageFault_Handler)
    [Anonymous Symbol]                       0x08005e5c   Section        0  main.o(.text.main)
    $v0                                      0x080061fe   Number         0  fpinit.o(x$fpl$fpinit)
    x$fpl$fpinit                             0x080061fe   Section       26  fpinit.o(x$fpl$fpinit)
    [Anonymous Symbol]                       0x08006230   Section        0  usbh_cdc.o(.rodata.str1.1)
    .L_MergedGlobals                         0x20000000   Data           8  stm32f4xx_hal.o(.data..L_MergedGlobals)
    [Anonymous Symbol]                       0x20000000   Section        0  stm32f4xx_hal.o(.data..L_MergedGlobals)
    .bss                                     0x20000038   Section       96  libspace.o(.bss)
    .L_MergedGlobals                         0x20000098   Data         108  main.o(.bss..L_MergedGlobals)
    [Anonymous Symbol]                       0x20000098   Section        0  main.o(.bss..L_MergedGlobals)
    Heap_Mem                                 0x200009b8   Data         512  startup_stm32f407xx.o(HEAP)
    HEAP                                     0x200009b8   Section      512  startup_stm32f407xx.o(HEAP)
    Stack_Mem                                0x20000bb8   Data        1024  startup_stm32f407xx.o(STACK)
    STACK                                    0x20000bb8   Section     1024  startup_stm32f407xx.o(STACK)
    __initial_sp                             0x20000fb8   Data           0  startup_stm32f407xx.o(STACK)

    Global Symbols

    Symbol Name                              Value     Ov Type        Size  Object(Section)

    BuildAttributes$$THM_ISAv4$E$P$D$K$B$S$7EM$VFPi3$EXTD16$VFPS$VFMA$PE$A:L22UL41UL21$X:L11$S22US41US21$IEEE1$IW$~IW$USESV6$~STKCKD$USESV7$~SHL$OTIME$ROPI$EBA8$UX$STANDARDLIB$REQ8$PRES8$EABIv2 0x00000000   Number         0  anon$$obj.o ABSOLUTE
    __ARM_exceptions_init                     - Undefined Weak Reference
    __alloca_initialize                       - Undefined Weak Reference
    __arm_preinit_                            - Undefined Weak Reference
    __arm_relocate_pie_                       - Undefined Weak Reference
    __cpp_initialize__aeabi_                  - Undefined Weak Reference
    __cxa_finalize                            - Undefined Weak Reference
    __rt_locale                               - Undefined Weak Reference
    __sigvec_lookup                           - Undefined Weak Reference
    __user_heap_extent                        - Undefined Weak Reference
    _atexit_init                              - Undefined Weak Reference
    _call_atexit_fns                          - Undefined Weak Reference
    _clock_init                               - Undefined Weak Reference
    _fp_trap_init                             - Undefined Weak Reference
    _fp_trap_shutdown                         - Undefined Weak Reference
    _get_lc_collate                           - Undefined Weak Reference
    _get_lc_ctype                             - Undefined Weak Reference
    _get_lc_monetary                          - Undefined Weak Reference
    _get_lc_numeric                           - Undefined Weak Reference
    _get_lc_time                              - Undefined Weak Reference
    _getenv_init                              - Undefined Weak Reference
    _handle_redirection                       - Undefined Weak Reference
    _initio                                   - Undefined Weak Reference
    _mutex_acquire                            - Undefined Weak Reference
    _mutex_free                               - Undefined Weak Reference
    _mutex_release                            - Undefined Weak Reference
    _rand_init                                - Undefined Weak Reference
    _signal_finish                            - Undefined Weak Reference
    _signal_init                              - Undefined Weak Reference
    _terminateio                              - Undefined Weak Reference
    __Vectors_Size                           0x00000188   Number         0  startup_stm32f407xx.o ABSOLUTE
    __Vectors                                0x08000000   Data           4  startup_stm32f407xx.o(RESET)
    __Vectors_End                            0x08000188   Data           0  startup_stm32f407xx.o(RESET)
    __main                                   0x08000189   Thumb Code     8  __main.o(!!!main)
    __scatterload                            0x08000191   Thumb Code     0  __scatter.o(!!!scatter)
    __scatterload_rt2                        0x08000191   Thumb Code    84  __scatter.o(!!!scatter)
    __scatterload_rt2_thumb_only             0x08000191   Thumb Code     0  __scatter.o(!!!scatter)
    __scatterload_loop                       0x0800019b   Thumb Code     0  __scatter.o(!!!scatter)
    __scatterload_copy                       0x080001ed   Thumb Code    26  __scatter_copy.o(!!handler_copy)
    __scatterload_null                       0x08000209   Thumb Code     2  __scatter.o(!!handler_null)
    __scatterload_zeroinit                   0x0800020d   Thumb Code    28  __scatter_zi.o(!!handler_zi)
    __rt_lib_init                            0x08000229   Thumb Code     0  libinit.o(.ARM.Collect$$libinit$$00000000)
    __rt_lib_init_fp_1                       0x0800022b   Thumb Code     0  libinit2.o(.ARM.Collect$$libinit$$00000001)
    __rt_lib_init_heap_2                     0x0800022f   Thumb Code     0  libinit2.o(.ARM.Collect$$libinit$$00000007)
    __rt_lib_init_preinit_1                  0x0800022f   Thumb Code     0  libinit2.o(.ARM.Collect$$libinit$$00000006)
    __rt_lib_init_relocate_pie_1             0x0800022f   Thumb Code     0  libinit2.o(.ARM.Collect$$libinit$$00000004)
    __rt_lib_init_alloca_1                   0x08000237   Thumb Code     0  libinit2.o(.ARM.Collect$$libinit$$00000030)
    __rt_lib_init_argv_1                     0x08000237   Thumb Code     0  libinit2.o(.ARM.Collect$$libinit$$0000002E)
    __rt_lib_init_atexit_1                   0x08000237   Thumb Code     0  libinit2.o(.ARM.Collect$$libinit$$0000001D)
    __rt_lib_init_clock_1                    0x08000237   Thumb Code     0  libinit2.o(.ARM.Collect$$libinit$$00000023)
    __rt_lib_init_cpp_1                      0x08000237   Thumb Code     0  libinit2.o(.ARM.Collect$$libinit$$00000034)
    __rt_lib_init_exceptions_1               0x08000237   Thumb Code     0  libinit2.o(.ARM.Collect$$libinit$$00000032)
    __rt_lib_init_fp_trap_1                  0x08000237   Thumb Code     0  libinit2.o(.ARM.Collect$$libinit$$00000021)
    __rt_lib_init_getenv_1                   0x08000237   Thumb Code     0  libinit2.o(.ARM.Collect$$libinit$$00000025)
    __rt_lib_init_heap_1                     0x08000237   Thumb Code     0  libinit2.o(.ARM.Collect$$libinit$$0000000C)
    __rt_lib_init_lc_collate_1               0x08000237   Thumb Code     0  libinit2.o(.ARM.Collect$$libinit$$00000013)
    __rt_lib_init_lc_ctype_1                 0x08000237   Thumb Code     0  libinit2.o(.ARM.Collect$$libinit$$00000015)
    __rt_lib_init_lc_monetary_1              0x08000237   Thumb Code     0  libinit2.o(.ARM.Collect$$libinit$$00000017)
    __rt_lib_init_lc_numeric_1               0x08000237   Thumb Code     0  libinit2.o(.ARM.Collect$$libinit$$00000019)
    __rt_lib_init_lc_time_1                  0x08000237   Thumb Code     0  libinit2.o(.ARM.Collect$$libinit$$0000001B)
    __rt_lib_init_rand_1                     0x08000237   Thumb Code     0  libinit2.o(.ARM.Collect$$libinit$$00000010)
    __rt_lib_init_return                     0x08000237   Thumb Code     0  libinit2.o(.ARM.Collect$$libinit$$00000035)
    __rt_lib_init_signal_1                   0x08000237   Thumb Code     0  libinit2.o(.ARM.Collect$$libinit$$0000001F)
    __rt_lib_init_stdio_1                    0x08000237   Thumb Code     0  libinit2.o(.ARM.Collect$$libinit$$00000027)
    __rt_lib_init_user_alloc_1               0x08000237   Thumb Code     0  libinit2.o(.ARM.Collect$$libinit$$0000000E)
    __rt_lib_shutdown                        0x08000239   Thumb Code     0  libshutdown.o(.ARM.Collect$$libshutdown$$00000000)
    __rt_lib_shutdown_cpp_1                  0x0800023b   Thumb Code     0  libshutdown2.o(.ARM.Collect$$libshutdown$$00000002)
    __rt_lib_shutdown_fp_trap_1              0x0800023b   Thumb Code     0  libshutdown2.o(.ARM.Collect$$libshutdown$$00000007)
    __rt_lib_shutdown_heap_1                 0x0800023b   Thumb Code     0  libshutdown2.o(.ARM.Collect$$libshutdown$$0000000F)
    __rt_lib_shutdown_return                 0x0800023b   Thumb Code     0  libshutdown2.o(.ARM.Collect$$libshutdown$$00000010)
    __rt_lib_shutdown_signal_1               0x0800023b   Thumb Code     0  libshutdown2.o(.ARM.Collect$$libshutdown$$0000000A)
    __rt_lib_shutdown_stdio_1                0x0800023b   Thumb Code     0  libshutdown2.o(.ARM.Collect$$libshutdown$$00000004)
    __rt_lib_shutdown_user_alloc_1           0x0800023b   Thumb Code     0  libshutdown2.o(.ARM.Collect$$libshutdown$$0000000C)
    __rt_entry                               0x0800023d   Thumb Code     0  __rtentry.o(.ARM.Collect$$rtentry$$00000000)
    __rt_entry_presh_1                       0x0800023d   Thumb Code     0  __rtentry2.o(.ARM.Collect$$rtentry$$00000002)
    __rt_entry_sh                            0x0800023d   Thumb Code     0  __rtentry4.o(.ARM.Collect$$rtentry$$00000004)
    __rt_entry_li                            0x08000243   Thumb Code     0  __rtentry2.o(.ARM.Collect$$rtentry$$0000000A)
    __rt_entry_postsh_1                      0x08000243   Thumb Code     0  __rtentry2.o(.ARM.Collect$$rtentry$$00000009)
    __rt_entry_main                          0x08000247   Thumb Code     0  __rtentry2.o(.ARM.Collect$$rtentry$$0000000D)
    __rt_entry_postli_1                      0x08000247   Thumb Code     0  __rtentry2.o(.ARM.Collect$$rtentry$$0000000C)
    __rt_exit                                0x0800024f   Thumb Code     0  rtexit.o(.ARM.Collect$$rtexit$$00000000)
    __rt_exit_ls                             0x08000251   Thumb Code     0  rtexit2.o(.ARM.Collect$$rtexit$$00000003)
    __rt_exit_prels_1                        0x08000251   Thumb Code     0  rtexit2.o(.ARM.Collect$$rtexit$$00000002)
    __rt_exit_exit                           0x08000255   Thumb Code     0  rtexit2.o(.ARM.Collect$$rtexit$$00000004)
    Reset_Handler                            0x0800025d   Thumb Code     8  startup_stm32f407xx.o(.text)
    ADC_IRQHandler                           0x08000277   Thumb Code     0  startup_stm32f407xx.o(.text)
    CAN1_RX1_IRQHandler                      0x08000277   Thumb Code     0  startup_stm32f407xx.o(.text)
    CAN1_SCE_IRQHandler                      0x08000277   Thumb Code     0  startup_stm32f407xx.o(.text)
    CAN1_TX_IRQHandler                       0x08000277   Thumb Code     0  startup_stm32f407xx.o(.text)
    CAN2_RX0_IRQHandler                      0x08000277   Thumb Code     0  startup_stm32f407xx.o(.text)
    CAN2_RX1_IRQHandler                      0x08000277   Thumb Code     0  startup_stm32f407xx.o(.text)
    CAN2_SCE_IRQHandler                      0x08000277   Thumb Code     0  startup_stm32f407xx.o(.text)
    CAN2_TX_IRQHandler                       0x08000277   Thumb Code     0  startup_stm32f407xx.o(.text)
    DCMI_IRQHandler                          0x08000277   Thumb Code     0  startup_stm32f407xx.o(.text)
    DMA1_Stream0_IRQHandler                  0x08000277   Thumb Code     0  startup_stm32f407xx.o(.text)
    DMA1_Stream1_IRQHandler                  0x08000277   Thumb Code     0  startup_stm32f407xx.o(.text)
    DMA1_Stream2_IRQHandler                  0x08000277   Thumb Code     0  startup_stm32f407xx.o(.text)
    DMA1_Stream3_IRQHandler                  0x08000277   Thumb Code     0  startup_stm32f407xx.o(.text)
    DMA1_Stream4_IRQHandler                  0x08000277   Thumb Code     0  startup_stm32f407xx.o(.text)
    DMA1_Stream5_IRQHandler                  0x08000277   Thumb Code     0  startup_stm32f407xx.o(.text)
    DMA1_Stream6_IRQHandler                  0x08000277   Thumb Code     0  startup_stm32f407xx.o(.text)
    DMA1_Stream7_IRQHandler                  0x08000277   Thumb Code     0  startup_stm32f407xx.o(.text)
    DMA2_Stream0_IRQHandler                  0x08000277   Thumb Code     0  startup_stm32f407xx.o(.text)
    DMA2_Stream1_IRQHandler                  0x08000277   Thumb Code     0  startup_stm32f407xx.o(.text)
    DMA2_Stream2_IRQHandler                  0x08000277   Thumb Code     0  startup_stm32f407xx.o(.text)
    DMA2_Stream3_IRQHandler                  0x08000277   Thumb Code     0  startup_stm32f407xx.o(.text)
    DMA2_Stream4_IRQHandler                  0x08000277   Thumb Code     0  startup_stm32f407xx.o(.text)
    DMA2_Stream5_IRQHandler                  0x08000277   Thumb Code     0  startup_stm32f407xx.o(.text)
    DMA2_Stream6_IRQHandler                  0x08000277   Thumb Code     0  startup_stm32f407xx.o(.text)
    DMA2_Stream7_IRQHandler                  0x08000277   Thumb Code     0  startup_stm32f407xx.o(.text)
    ETH_IRQHandler                           0x08000277   Thumb Code     0  startup_stm32f407xx.o(.text)
    ETH_WKUP_IRQHandler                      0x08000277   Thumb Code     0  startup_stm32f407xx.o(.text)
    EXTI15_10_IRQHandler                     0x08000277   Thumb Code     0  startup_stm32f407xx.o(.text)
    EXTI1_IRQHandler                         0x08000277   Thumb Code     0  startup_stm32f407xx.o(.text)
    EXTI2_IRQHandler                         0x08000277   Thumb Code     0  startup_stm32f407xx.o(.text)
    EXTI3_IRQHandler                         0x08000277   Thumb Code     0  startup_stm32f407xx.o(.text)
    EXTI4_IRQHandler                         0x08000277   Thumb Code     0  startup_stm32f407xx.o(.text)
    EXTI9_5_IRQHandler                       0x08000277   Thumb Code     0  startup_stm32f407xx.o(.text)
    FLASH_IRQHandler                         0x08000277   Thumb Code     0  startup_stm32f407xx.o(.text)
    FMC_IRQHandler                           0x08000277   Thumb Code     0  startup_stm32f407xx.o(.text)
    FPU_IRQHandler                           0x08000277   Thumb Code     0  startup_stm32f407xx.o(.text)
    HASH_RNG_IRQHandler                      0x08000277   Thumb Code     0  startup_stm32f407xx.o(.text)
    I2C1_ER_IRQHandler                       0x08000277   Thumb Code     0  startup_stm32f407xx.o(.text)
    I2C1_EV_IRQHandler                       0x08000277   Thumb Code     0  startup_stm32f407xx.o(.text)
    I2C2_ER_IRQHandler                       0x08000277   Thumb Code     0  startup_stm32f407xx.o(.text)
    I2C2_EV_IRQHandler                       0x08000277   Thumb Code     0  startup_stm32f407xx.o(.text)
    I2C3_ER_IRQHandler                       0x08000277   Thumb Code     0  startup_stm32f407xx.o(.text)
    I2C3_EV_IRQHandler                       0x08000277   Thumb Code     0  startup_stm32f407xx.o(.text)
    OTG_FS_WKUP_IRQHandler                   0x08000277   Thumb Code     0  startup_stm32f407xx.o(.text)
    OTG_HS_EP1_IN_IRQHandler                 0x08000277   Thumb Code     0  startup_stm32f407xx.o(.text)
    OTG_HS_EP1_OUT_IRQHandler                0x08000277   Thumb Code     0  startup_stm32f407xx.o(.text)
    OTG_HS_IRQHandler                        0x08000277   Thumb Code     0  startup_stm32f407xx.o(.text)
    OTG_HS_WKUP_IRQHandler                   0x08000277   Thumb Code     0  startup_stm32f407xx.o(.text)
    PVD_IRQHandler                           0x08000277   Thumb Code     0  startup_stm32f407xx.o(.text)
    RCC_IRQHandler                           0x08000277   Thumb Code     0  startup_stm32f407xx.o(.text)
    RTC_Alarm_IRQHandler                     0x08000277   Thumb Code     0  startup_stm32f407xx.o(.text)
    RTC_WKUP_IRQHandler                      0x08000277   Thumb Code     0  startup_stm32f407xx.o(.text)
    SDIO_IRQHandler                          0x08000277   Thumb Code     0  startup_stm32f407xx.o(.text)
    SPI1_IRQHandler                          0x08000277   Thumb Code     0  startup_stm32f407xx.o(.text)
    SPI2_IRQHandler                          0x08000277   Thumb Code     0  startup_stm32f407xx.o(.text)
    SPI3_IRQHandler                          0x08000277   Thumb Code     0  startup_stm32f407xx.o(.text)
    TAMP_STAMP_IRQHandler                    0x08000277   Thumb Code     0  startup_stm32f407xx.o(.text)
    TIM1_BRK_TIM9_IRQHandler                 0x08000277   Thumb Code     0  startup_stm32f407xx.o(.text)
    TIM1_CC_IRQHandler                       0x08000277   Thumb Code     0  startup_stm32f407xx.o(.text)
    TIM1_TRG_COM_TIM11_IRQHandler            0x08000277   Thumb Code     0  startup_stm32f407xx.o(.text)
    TIM1_UP_TIM10_IRQHandler                 0x08000277   Thumb Code     0  startup_stm32f407xx.o(.text)
    TIM2_IRQHandler                          0x08000277   Thumb Code     0  startup_stm32f407xx.o(.text)
    TIM3_IRQHandler                          0x08000277   Thumb Code     0  startup_stm32f407xx.o(.text)
    TIM4_IRQHandler                          0x08000277   Thumb Code     0  startup_stm32f407xx.o(.text)
    TIM5_IRQHandler                          0x08000277   Thumb Code     0  startup_stm32f407xx.o(.text)
    TIM6_DAC_IRQHandler                      0x08000277   Thumb Code     0  startup_stm32f407xx.o(.text)
    TIM7_IRQHandler                          0x08000277   Thumb Code     0  startup_stm32f407xx.o(.text)
    TIM8_BRK_TIM12_IRQHandler                0x08000277   Thumb Code     0  startup_stm32f407xx.o(.text)
    TIM8_CC_IRQHandler                       0x08000277   Thumb Code     0  startup_stm32f407xx.o(.text)
    TIM8_TRG_COM_TIM14_IRQHandler            0x08000277   Thumb Code     0  startup_stm32f407xx.o(.text)
    TIM8_UP_TIM13_IRQHandler                 0x08000277   Thumb Code     0  startup_stm32f407xx.o(.text)
    UART4_IRQHandler                         0x08000277   Thumb Code     0  startup_stm32f407xx.o(.text)
    UART5_IRQHandler                         0x08000277   Thumb Code     0  startup_stm32f407xx.o(.text)
    USART1_IRQHandler                        0x08000277   Thumb Code     0  startup_stm32f407xx.o(.text)
    USART2_IRQHandler                        0x08000277   Thumb Code     0  startup_stm32f407xx.o(.text)
    USART3_IRQHandler                        0x08000277   Thumb Code     0  startup_stm32f407xx.o(.text)
    USART6_IRQHandler                        0x08000277   Thumb Code     0  startup_stm32f407xx.o(.text)
    WWDG_IRQHandler                          0x08000277   Thumb Code     0  startup_stm32f407xx.o(.text)
    __user_initial_stackheap                 0x08000279   Thumb Code     0  startup_stm32f407xx.o(.text)
    calloc                                   0x0800029d   Thumb Code    40  calloc.o(.text)
    free                                     0x080002c5   Thumb Code    78  h1_free.o(.text)
    __aeabi_uldivmod                         0x08000313   Thumb Code     0  lludivv7m.o(.text)
    _ll_udiv                                 0x08000313   Thumb Code   240  lludivv7m.o(.text)
    __aeabi_memclr                           0x08000403   Thumb Code     0  rt_memclr.o(.text)
    __rt_memclr                              0x08000403   Thumb Code     0  rt_memclr.o(.text)
    _memset                                  0x08000407   Thumb Code    64  rt_memclr.o(.text)
    __aeabi_memclr4                          0x08000447   Thumb Code     0  rt_memclr_w.o(.text)
    __aeabi_memclr8                          0x08000447   Thumb Code     0  rt_memclr_w.o(.text)
    __rt_memclr_w                            0x08000447   Thumb Code     0  rt_memclr_w.o(.text)
    _memset_w                                0x0800044b   Thumb Code    74  rt_memclr_w.o(.text)
    __use_two_region_memory                  0x08000495   Thumb Code     2  heapauxi.o(.text)
    __rt_heap_escrow                         0x08000497   Thumb Code     2  heapauxi.o(.text)
    __rt_heap_expand                         0x08000499   Thumb Code     2  heapauxi.o(.text)
    __rt_heap_descriptor                     0x0800049d   Thumb Code     8  rt_heap_descriptor_intlibspace.o(.text)
    __use_no_heap                            0x080004a5   Thumb Code     2  hguard.o(.text)
    __heap$guard                             0x080004a7   Thumb Code     2  hguard.o(.text)
    _terminate_user_alloc                    0x080004a9   Thumb Code     2  init_alloc.o(.text)
    _init_user_alloc                         0x080004ab   Thumb Code     2  init_alloc.o(.text)
    __Heap_Full                              0x080004ad   Thumb Code    34  init_alloc.o(.text)
    __Heap_Broken                            0x080004cf   Thumb Code     6  init_alloc.o(.text)
    _init_alloc                              0x080004d5   Thumb Code    94  init_alloc.o(.text)
    malloc                                   0x08000533   Thumb Code    94  h1_alloc.o(.text)
    __user_libspace                          0x08000591   Thumb Code     8  libspace.o(.text)
    __user_perproc_libspace                  0x08000591   Thumb Code     0  libspace.o(.text)
    __user_perthread_libspace                0x08000591   Thumb Code     0  libspace.o(.text)
    __Heap_Initialize                        0x08000599   Thumb Code     8  h1_init.o(.text)
    _maybe_terminate_alloc                   0x08000599   Thumb Code     0  maybetermalloc1.o(.text)
    __Heap_DescSize                          0x080005a1   Thumb Code     4  h1_init.o(.text)
    __Heap_ProvideMemory                     0x080005a5   Thumb Code    52  h1_extend.o(.text)
    __rt_SIGRTMEM                            0x080005d9   Thumb Code    14  defsig_rtmem_outer.o(.text)
    __user_setup_stackheap                   0x080005e7   Thumb Code    74  sys_stackheap_outer.o(.text)
    exit                                     0x08000631   Thumb Code    18  exit.o(.text)
    __sig_exit                               0x08000643   Thumb Code    10  defsig_exit.o(.text)
    __rt_SIGRTMEM_inner                      0x0800064d   Thumb Code    22  defsig_rtmem_inner.o(.text)
    _sys_exit                                0x0800069d   Thumb Code     8  sys_exit.o(.text)
    __I$use$semihosting                      0x080006a9   Thumb Code     0  use_no_semi.o(.text)
    __use_no_semihosting_swi                 0x080006a9   Thumb Code     2  use_no_semi.o(.text)
    __default_signal_display                 0x080006ab   Thumb Code    50  defsig_general.o(.text)
    __semihosting_library_function           0x080006ab   Thumb Code     0  indicate_semi.o(.text)
    _ttywrch                                 0x080006dd   Thumb Code    14  sys_wrch.o(.text)
    BusFault_Handler                         0x080006ed   Thumb Code     2  stm32f4xx_it.o(.text.BusFault_Handler)
    CAN1_RX0_IRQHandler                      0x080006f1   Thumb Code    12  stm32f4xx_it.o(.text.CAN1_RX0_IRQHandler)
    DebugMon_Handler                         0x080006fd   Thumb Code     2  stm32f4xx_it.o(.text.DebugMon_Handler)
    EXTI0_IRQHandler                         0x08000701   Thumb Code     6  stm32f4xx_it.o(.text.EXTI0_IRQHandler)
    Error_Handler                            0x08000709   Thumb Code     2  main.o(.text.Error_Handler)
    HAL_CAN_ActivateNotification             0x0800070d   Thumb Code    46  stm32f4xx_hal_can.o(.text.HAL_CAN_ActivateNotification)
    HAL_CAN_AddTxMessage                     0x0800073d   Thumb Code   164  stm32f4xx_hal_can.o(.text.HAL_CAN_AddTxMessage)
    HAL_CAN_ErrorCallback                    0x080007e1   Thumb Code     2  stm32f4xx_hal_can.o(.text.HAL_CAN_ErrorCallback)
    HAL_CAN_GetRxMessage                     0x080007e5   Thumb Code   302  stm32f4xx_hal_can.o(.text.HAL_CAN_GetRxMessage)
    HAL_CAN_IRQHandler                       0x08000915   Thumb Code   606  stm32f4xx_hal_can.o(.text.HAL_CAN_IRQHandler)
    HAL_CAN_Init                             0x08000b75   Thumb Code   244  stm32f4xx_hal_can.o(.text.HAL_CAN_Init)
    HAL_CAN_MspInit                          0x08000c69   Thumb Code   168  stm32f4xx_hal_msp.o(.text.HAL_CAN_MspInit)
    HAL_CAN_RxFifo0FullCallback              0x08000d11   Thumb Code     2  stm32f4xx_hal_can.o(.text.HAL_CAN_RxFifo0FullCallback)
    HAL_CAN_RxFifo0MsgPendingCallback        0x08000d15   Thumb Code    40  main.o(.text.HAL_CAN_RxFifo0MsgPendingCallback)
    HAL_CAN_RxFifo1FullCallback              0x08000d3d   Thumb Code     2  stm32f4xx_hal_can.o(.text.HAL_CAN_RxFifo1FullCallback)
    HAL_CAN_RxFifo1MsgPendingCallback        0x08000d41   Thumb Code     2  stm32f4xx_hal_can.o(.text.HAL_CAN_RxFifo1MsgPendingCallback)
    HAL_CAN_SleepCallback                    0x08000d45   Thumb Code     2  stm32f4xx_hal_can.o(.text.HAL_CAN_SleepCallback)
    HAL_CAN_Start                            0x08000d49   Thumb Code    90  stm32f4xx_hal_can.o(.text.HAL_CAN_Start)
    HAL_CAN_TxMailbox0AbortCallback          0x08000da5   Thumb Code     2  stm32f4xx_hal_can.o(.text.HAL_CAN_TxMailbox0AbortCallback)
    HAL_CAN_TxMailbox0CompleteCallback       0x08000da9   Thumb Code     2  stm32f4xx_hal_can.o(.text.HAL_CAN_TxMailbox0CompleteCallback)
    HAL_CAN_TxMailbox1AbortCallback          0x08000dad   Thumb Code     2  stm32f4xx_hal_can.o(.text.HAL_CAN_TxMailbox1AbortCallback)
    HAL_CAN_TxMailbox1CompleteCallback       0x08000db1   Thumb Code     2  stm32f4xx_hal_can.o(.text.HAL_CAN_TxMailbox1CompleteCallback)
    HAL_CAN_TxMailbox2AbortCallback          0x08000db5   Thumb Code     2  stm32f4xx_hal_can.o(.text.HAL_CAN_TxMailbox2AbortCallback)
    HAL_CAN_TxMailbox2CompleteCallback       0x08000db9   Thumb Code     2  stm32f4xx_hal_can.o(.text.HAL_CAN_TxMailbox2CompleteCallback)
    HAL_CAN_WakeUpFromRxMsgCallback          0x08000dbd   Thumb Code     2  stm32f4xx_hal_can.o(.text.HAL_CAN_WakeUpFromRxMsgCallback)
    HAL_Delay                                0x08000dc1   Thumb Code    40  stm32f4xx_hal.o(.text.HAL_Delay)
    HAL_GPIO_EXTI_Callback                   0x08000de9   Thumb Code    80  main.o(.text.HAL_GPIO_EXTI_Callback)
    HAL_GPIO_EXTI_IRQHandler                 0x08000e39   Thumb Code    22  stm32f4xx_hal_gpio.o(.text.HAL_GPIO_EXTI_IRQHandler)
    HAL_GPIO_Init                            0x08000e51   Thumb Code   414  stm32f4xx_hal_gpio.o(.text.HAL_GPIO_Init)
    HAL_GPIO_TogglePin                       0x08000ff1   Thumb Code    16  stm32f4xx_hal_gpio.o(.text.HAL_GPIO_TogglePin)
    HAL_GPIO_WritePin                        0x08001001   Thumb Code    10  stm32f4xx_hal_gpio.o(.text.HAL_GPIO_WritePin)
    HAL_GetTick                              0x0800100d   Thumb Code    12  stm32f4xx_hal.o(.text.HAL_GetTick)
    HAL_HCD_Connect_Callback                 0x08001019   Thumb Code     8  usbh_conf.o(.text.HAL_HCD_Connect_Callback)
    HAL_HCD_Disconnect_Callback              0x08001021   Thumb Code     8  usbh_conf.o(.text.HAL_HCD_Disconnect_Callback)
    HAL_HCD_GetCurrentFrame                  0x08001029   Thumb Code     6  stm32f4xx_hal_hcd.o(.text.HAL_HCD_GetCurrentFrame)
    HAL_HCD_GetCurrentSpeed                  0x08001031   Thumb Code     6  stm32f4xx_hal_hcd.o(.text.HAL_HCD_GetCurrentSpeed)
    HAL_HCD_HC_GetURBState                   0x08001039   Thumb Code    14  stm32f4xx_hal_hcd.o(.text.HAL_HCD_HC_GetURBState)
    HAL_HCD_HC_GetXferCount                  0x08001049   Thumb Code    12  stm32f4xx_hal_hcd.o(.text.HAL_HCD_HC_GetXferCount)
    HAL_HCD_HC_Halt                          0x08001055   Thumb Code    38  stm32f4xx_hal_hcd.o(.text.HAL_HCD_HC_Halt)
    HAL_HCD_HC_Init                          0x0800107d   Thumb Code   166  stm32f4xx_hal_hcd.o(.text.HAL_HCD_HC_Init)
    HAL_HCD_HC_NotifyURBChange_Callback      0x08001125   Thumb Code     2  usbh_conf.o(.text.HAL_HCD_HC_NotifyURBChange_Callback)
    HAL_HCD_HC_SubmitRequest                 0x08001129   Thumb Code   162  stm32f4xx_hal_hcd.o(.text.HAL_HCD_HC_SubmitRequest)
    HAL_HCD_IRQHandler                       0x080011cd   Thumb Code  2384  stm32f4xx_hal_hcd.o(.text.HAL_HCD_IRQHandler)
    HAL_HCD_Init                             0x08001b1d   Thumb Code   138  stm32f4xx_hal_hcd.o(.text.HAL_HCD_Init)
    HAL_HCD_MspInit                          0x08001ba9   Thumb Code   156  usbh_conf.o(.text.HAL_HCD_MspInit)
    HAL_HCD_PortDisabled_Callback            0x08001c45   Thumb Code     8  usbh_conf.o(.text.HAL_HCD_PortDisabled_Callback)
    HAL_HCD_PortEnabled_Callback             0x08001c4d   Thumb Code     8  usbh_conf.o(.text.HAL_HCD_PortEnabled_Callback)
    HAL_HCD_ResetPort                        0x08001c55   Thumb Code     6  stm32f4xx_hal_hcd.o(.text.HAL_HCD_ResetPort)
    HAL_HCD_SOF_Callback                     0x08001c5d   Thumb Code     8  usbh_conf.o(.text.HAL_HCD_SOF_Callback)
    HAL_HCD_Start                            0x08001c65   Thumb Code    46  stm32f4xx_hal_hcd.o(.text.HAL_HCD_Start)
    HAL_HCD_Stop                             0x08001c95   Thumb Code    38  stm32f4xx_hal_hcd.o(.text.HAL_HCD_Stop)
    HAL_I2C_Init                             0x08001cbd   Thumb Code   356  stm32f4xx_hal_i2c.o(.text.HAL_I2C_Init)
    HAL_I2C_MspInit                          0x08001e21   Thumb Code   118  stm32f4xx_hal_msp.o(.text.HAL_I2C_MspInit)
    HAL_I2SEx_FullDuplex_IRQHandler          0x08001e99   Thumb Code   630  stm32f4xx_hal_i2s_ex.o(.text.HAL_I2SEx_FullDuplex_IRQHandler)
    HAL_I2SEx_TxRxCpltCallback               0x08002111   Thumb Code     2  stm32f4xx_hal_i2s_ex.o(.text.HAL_I2SEx_TxRxCpltCallback)
    HAL_I2S_ErrorCallback                    0x08002115   Thumb Code     2  stm32f4xx_hal_i2s.o(.text.HAL_I2S_ErrorCallback)
    HAL_I2S_Init                             0x08002119   Thumb Code   370  stm32f4xx_hal_i2s.o(.text.HAL_I2S_Init)
    HAL_I2S_MspInit                          0x0800228d   Thumb Code   200  stm32f4xx_hal_msp.o(.text.HAL_I2S_MspInit)
    HAL_I2S_RxCpltCallback                   0x08002355   Thumb Code     2  stm32f4xx_hal_i2s.o(.text.HAL_I2S_RxCpltCallback)
    HAL_I2S_TxCpltCallback                   0x08002359   Thumb Code     2  stm32f4xx_hal_i2s.o(.text.HAL_I2S_TxCpltCallback)
    HAL_IncTick                              0x0800235d   Thumb Code    26  stm32f4xx_hal.o(.text.HAL_IncTick)
    HAL_Init                                 0x08002379   Thumb Code    54  stm32f4xx_hal.o(.text.HAL_Init)
    HAL_InitTick                             0x080023b1   Thumb Code    72  stm32f4xx_hal.o(.text.HAL_InitTick)
    HAL_MspInit                              0x080023f9   Thumb Code    60  stm32f4xx_hal_msp.o(.text.HAL_MspInit)
    HAL_NVIC_EnableIRQ                       0x08002435   Thumb Code    34  stm32f4xx_hal_cortex.o(.text.HAL_NVIC_EnableIRQ)
    HAL_NVIC_SetPriority                     0x08002459   Thumb Code    86  stm32f4xx_hal_cortex.o(.text.HAL_NVIC_SetPriority)
    HAL_NVIC_SetPriorityGrouping             0x080024b1   Thumb Code    32  stm32f4xx_hal_cortex.o(.text.HAL_NVIC_SetPriorityGrouping)
    HAL_RCCEx_GetPeriphCLKFreq               0x080024d1   Thumb Code    88  stm32f4xx_hal_rcc_ex.o(.text.HAL_RCCEx_GetPeriphCLKFreq)
    HAL_RCCEx_PeriphCLKConfig                0x08002529   Thumb Code   330  stm32f4xx_hal_rcc_ex.o(.text.HAL_RCCEx_PeriphCLKConfig)
    HAL_RCC_ClockConfig                      0x08002675   Thumb Code   356  stm32f4xx_hal_rcc.o(.text.HAL_RCC_ClockConfig)
    HAL_RCC_GetPCLK1Freq                     0x080027d9   Thumb Code    38  stm32f4xx_hal_rcc.o(.text.HAL_RCC_GetPCLK1Freq)
    HAL_RCC_GetSysClockFreq                  0x08002801   Thumb Code   108  stm32f4xx_hal_rcc.o(.text.HAL_RCC_GetSysClockFreq)
    HAL_RCC_OscConfig                        0x0800286d   Thumb Code   940  stm32f4xx_hal_rcc.o(.text.HAL_RCC_OscConfig)
    HAL_SPI_Init                             0x08002c19   Thumb Code   176  stm32f4xx_hal_spi.o(.text.HAL_SPI_Init)
    HAL_SPI_MspInit                          0x08002cc9   Thumb Code   114  stm32f4xx_hal_msp.o(.text.HAL_SPI_MspInit)
    HAL_SYSTICK_Config                       0x08002d3d   Thumb Code    44  stm32f4xx_hal_cortex.o(.text.HAL_SYSTICK_Config)
    HardFault_Handler                        0x08002d69   Thumb Code     2  stm32f4xx_it.o(.text.HardFault_Handler)
    MX_DriverVbusFS                          0x08002e79   Thumb Code    24  usbh_platform.o(.text.MX_DriverVbusFS)
    MX_USB_HOST_Init                         0x08002e91   Thumb Code    86  usb_host.o(.text.MX_USB_HOST_Init)
    MX_USB_HOST_Process                      0x08002ee9   Thumb Code    12  usb_host.o(.text.MX_USB_HOST_Process)
    MemManage_Handler                        0x08002ef5   Thumb Code     2  stm32f4xx_it.o(.text.MemManage_Handler)
    NMI_Handler                              0x08002ef9   Thumb Code     2  stm32f4xx_it.o(.text.NMI_Handler)
    OTG_FS_IRQHandler                        0x08002efd   Thumb Code    12  stm32f4xx_it.o(.text.OTG_FS_IRQHandler)
    PendSV_Handler                           0x08002f09   Thumb Code     2  stm32f4xx_it.o(.text.PendSV_Handler)
    SVC_Handler                              0x08002f0d   Thumb Code     2  stm32f4xx_it.o(.text.SVC_Handler)
    SysTick_Handler                          0x08002f11   Thumb Code     4  stm32f4xx_it.o(.text.SysTick_Handler)
    SystemInit                               0x08002f15   Thumb Code    18  system_stm32f4xx.o(.text.SystemInit)
    USBH_AllocPipe                           0x08002f29   Thumb Code   210  usbh_pipes.o(.text.USBH_AllocPipe)
    USBH_BulkReceiveData                     0x08002ffd   Thumb Code    38  usbh_ioreq.o(.text.USBH_BulkReceiveData)
    USBH_BulkSendData                        0x08003025   Thumb Code    50  usbh_ioreq.o(.text.USBH_BulkSendData)
    USBH_CDC_LineCodingChanged               0x08003251   Thumb Code     2  usbh_cdc.o(.text.USBH_CDC_LineCodingChanged)
    USBH_CDC_ReceiveCallback                 0x08003411   Thumb Code     2  usbh_cdc.o(.text.USBH_CDC_ReceiveCallback)
    USBH_CDC_TransmitCallback                0x08003419   Thumb Code     2  usbh_cdc.o(.text.USBH_CDC_TransmitCallback)
    USBH_ClosePipe                           0x0800341d   Thumb Code    10  usbh_pipes.o(.text.USBH_ClosePipe)
    USBH_ClrFeature                          0x08003429   Thumb Code    26  usbh_ctlreq.o(.text.USBH_ClrFeature)
    USBH_CtlReceiveData                      0x08003445   Thumb Code    38  usbh_ioreq.o(.text.USBH_CtlReceiveData)
    USBH_CtlReq                              0x0800346d   Thumb Code   482  usbh_ctlreq.o(.text.USBH_CtlReq)
    USBH_CtlSendData                         0x08003651   Thumb Code    50  usbh_ioreq.o(.text.USBH_CtlSendData)
    USBH_CtlSendSetup                        0x08003685   Thumb Code    36  usbh_ioreq.o(.text.USBH_CtlSendSetup)
    USBH_Delay                               0x080036a9   Thumb Code     4  usbh_conf.o(.text.USBH_Delay)
    USBH_FindInterface                       0x080036ad   Thumb Code   250  usbh_core.o(.text.USBH_FindInterface)
    USBH_FreePipe                            0x080037a9   Thumb Code    24  usbh_pipes.o(.text.USBH_FreePipe)
    USBH_Get_CfgDesc                         0x080037c1   Thumb Code   624  usbh_ctlreq.o(.text.USBH_Get_CfgDesc)
    USBH_Get_DevDesc                         0x08003a31   Thumb Code   186  usbh_ctlreq.o(.text.USBH_Get_DevDesc)
    USBH_Get_StringDesc                      0x08003aed   Thumb Code   188  usbh_ctlreq.o(.text.USBH_Get_StringDesc)
    USBH_Init                                0x08003ba9   Thumb Code   118  usbh_core.o(.text.USBH_Init)
    USBH_LL_ClosePipe                        0x08003c21   Thumb Code    34  usbh_conf.o(.text.USBH_LL_ClosePipe)
    USBH_LL_Connect                          0x08003c45   Thumb Code    22  usbh_core.o(.text.USBH_LL_Connect)
    USBH_LL_Disconnect                       0x08003c5d   Thumb Code    46  usbh_core.o(.text.USBH_LL_Disconnect)
    USBH_LL_DriverVBUS                       0x08003c8d   Thumb Code    26  usbh_conf.o(.text.USBH_LL_DriverVBUS)
    USBH_LL_GetLastXferSize                  0x08003ca9   Thumb Code     8  usbh_conf.o(.text.USBH_LL_GetLastXferSize)
    USBH_LL_GetSpeed                         0x08003cb1   Thumb Code    20  usbh_conf.o(.text.USBH_LL_GetSpeed)
    USBH_LL_GetURBState                      0x08003cc5   Thumb Code     8  usbh_conf.o(.text.USBH_LL_GetURBState)
    USBH_LL_IncTimer                         0x08003ccd   Thumb Code    30  usbh_core.o(.text.USBH_LL_IncTimer)
    USBH_LL_Init                             0x08003ced   Thumb Code    92  usbh_conf.o(.text.USBH_LL_Init)
    USBH_LL_OpenPipe                         0x08003d49   Thumb Code    50  usbh_conf.o(.text.USBH_LL_OpenPipe)
    USBH_LL_PortDisabled                     0x08003d7d   Thumb Code     8  usbh_core.o(.text.USBH_LL_PortDisabled)
    USBH_LL_PortEnabled                      0x08003d85   Thumb Code     8  usbh_core.o(.text.USBH_LL_PortEnabled)
    USBH_LL_ResetPort                        0x08003d8d   Thumb Code    34  usbh_conf.o(.text.USBH_LL_ResetPort)
    USBH_LL_SetTimer                         0x08003db1   Thumb Code     6  usbh_core.o(.text.USBH_LL_SetTimer)
    USBH_LL_SetToggle                        0x08003db9   Thumb Code    32  usbh_conf.o(.text.USBH_LL_SetToggle)
    USBH_LL_Start                            0x08003dd9   Thumb Code    34  usbh_conf.o(.text.USBH_LL_Start)
    USBH_LL_Stop                             0x08003dfd   Thumb Code    34  usbh_conf.o(.text.USBH_LL_Stop)
    USBH_LL_SubmitURB                        0x08003e21   Thumb Code    54  usbh_conf.o(.text.USBH_LL_SubmitURB)
    USBH_OpenPipe                            0x08003e59   Thumb Code    26  usbh_pipes.o(.text.USBH_OpenPipe)
    USBH_Process                             0x08003e75   Thumb Code  1196  usbh_core.o(.text.USBH_Process)
    USBH_RegisterClass                       0x08004321   Thumb Code    26  usbh_core.o(.text.USBH_RegisterClass)
    USBH_SelectInterface                     0x0800433d   Thumb Code    18  usbh_core.o(.text.USBH_SelectInterface)
    USBH_SetAddress                          0x08004351   Thumb Code    26  usbh_ctlreq.o(.text.USBH_SetAddress)
    USBH_SetCfg                              0x0800436d   Thumb Code    26  usbh_ctlreq.o(.text.USBH_SetCfg)
    USBH_SetFeature                          0x08004389   Thumb Code    26  usbh_ctlreq.o(.text.USBH_SetFeature)
    USBH_Start                               0x080043a5   Thumb Code    20  usbh_core.o(.text.USBH_Start)
    USB_CoreInit                             0x080043f5   Thumb Code   530  stm32f4xx_ll_usb.o(.text.USB_CoreInit)
    USB_DisableGlobalInt                     0x08004609   Thumb Code    14  stm32f4xx_ll_usb.o(.text.USB_DisableGlobalInt)
    USB_DriveVbus                            0x08004619   Thumb Code    76  stm32f4xx_ll_usb.o(.text.USB_DriveVbus)
    USB_EnableGlobalInt                      0x08004665   Thumb Code    14  stm32f4xx_ll_usb.o(.text.USB_EnableGlobalInt)
    USB_FlushRxFifo                          0x08004675   Thumb Code   190  stm32f4xx_ll_usb.o(.text.USB_FlushRxFifo)
    USB_FlushTxFifo                          0x08004735   Thumb Code   190  stm32f4xx_ll_usb.o(.text.USB_FlushTxFifo)
    USB_GetCurrentFrame                      0x080047f5   Thumb Code     8  stm32f4xx_ll_usb.o(.text.USB_GetCurrentFrame)
    USB_GetHostSpeed                         0x080047fd   Thumb Code    22  stm32f4xx_ll_usb.o(.text.USB_GetHostSpeed)
    USB_GetMode                              0x08004815   Thumb Code     8  stm32f4xx_ll_usb.o(.text.USB_GetMode)
    USB_HC_Halt                              0x0800481d   Thumb Code   342  stm32f4xx_ll_usb.o(.text.USB_HC_Halt)
    USB_HC_Init                              0x08004975   Thumb Code   294  stm32f4xx_ll_usb.o(.text.USB_HC_Init)
    USB_HC_ReadInterrupt                     0x08004a9d   Thumb Code     8  stm32f4xx_ll_usb.o(.text.USB_HC_ReadInterrupt)
    USB_HC_StartXfer                         0x08004aa5   Thumb Code   744  stm32f4xx_ll_usb.o(.text.USB_HC_StartXfer)
    USB_HostInit                             0x08004d9d   Thumb Code   728  stm32f4xx_ll_usb.o(.text.USB_HostInit)
    USB_InitFSLSPClkSel                      0x08005075   Thumb Code    64  stm32f4xx_ll_usb.o(.text.USB_InitFSLSPClkSel)
    USB_ReadChInterrupts                     0x080050b5   Thumb Code    16  stm32f4xx_ll_usb.o(.text.USB_ReadChInterrupts)
    USB_ReadInterrupts                       0x080050c5   Thumb Code     8  stm32f4xx_ll_usb.o(.text.USB_ReadInterrupts)
    USB_ReadPacket                           0x080050cd   Thumb Code   170  stm32f4xx_ll_usb.o(.text.USB_ReadPacket)
    USB_ResetPort                            0x08005179   Thumb Code    62  stm32f4xx_ll_usb.o(.text.USB_ResetPort)
    USB_SetCurrentMode                       0x080051b9   Thumb Code   872  stm32f4xx_ll_usb.o(.text.USB_SetCurrentMode)
    USB_StopHost                             0x08005521   Thumb Code  2360  stm32f4xx_ll_usb.o(.text.USB_StopHost)
    UsageFault_Handler                       0x08005e59   Thumb Code     2  stm32f4xx_it.o(.text.UsageFault_Handler)
    main                                     0x08005e5d   Thumb Code   930  main.o(.text.main)
    _fp_init                                 0x080061ff   Thumb Code    26  fpinit.o(x$fpl$fpinit)
    __fplib_config_fpu_vfp                   0x08006217   Thumb Code     0  fpinit.o(x$fpl$fpinit)
    __fplib_config_pureend_doubles           0x08006217   Thumb Code     0  fpinit.o(x$fpl$fpinit)
    AHBPrescTable                            0x08006218   Data          16  system_stm32f4xx.o(.rodata.AHBPrescTable)
    APBPrescTable                            0x08006228   Data           8  system_stm32f4xx.o(.rodata.APBPrescTable)
    Region$$Table$$Base                      0x08006234   Number         0  anon$$obj.o(Region$$Table)
    Region$$Table$$Limit                     0x08006254   Number         0  anon$$obj.o(Region$$Table)
    uwTickFreq                               0x20000000   Data           1  stm32f4xx_hal.o(.data..L_MergedGlobals)
    uwTickPrio                               0x20000004   Data           4  stm32f4xx_hal.o(.data..L_MergedGlobals)
    CDC_Class                                0x20000008   Data          32  usbh_cdc.o(.data.CDC_Class)
    SystemCoreClock                          0x20000028   Data           4  system_stm32f4xx.o(.data.SystemCoreClock)
    txData                                   0x2000002c   Data           8  main.o(.data.txData)
    __libspace_start                         0x20000038   Data          96  libspace.o(.bss)
    __temporary_stack_top$libspace           0x20000098   Data           0  libspace.o(.bss)
    datacheck                                0x20000098   Data           4  main.o(.bss..L_MergedGlobals)
    TxMailbox                                0x2000009c   Data           4  main.o(.bss..L_MergedGlobals)
    rxData                                   0x200000a0   Data           8  main.o(.bss..L_MergedGlobals)
    txHeader                                 0x200000a8   Data          24  main.o(.bss..L_MergedGlobals)
    rxHeader                                 0x200000c0   Data          28  main.o(.bss..L_MergedGlobals)
    hcan1                                    0x200000dc   Data          40  main.o(.bss..L_MergedGlobals)
    Appli_state                              0x20000104   Data           1  usb_host.o(.bss.Appli_state)
    hUsbHostFS                               0x20000108   Data         984  usb_host.o(.bss.hUsbHostFS)
    hhcd_USB_OTG_FS                          0x200004e0   Data         992  usbh_conf.o(.bss.hhcd_USB_OTG_FS)
    hi2c1                                    0x200008c0   Data          84  main.o(.bss.hi2c1)
    hi2s3                                    0x20000914   Data          72  main.o(.bss.hi2s3)
    hspi1                                    0x2000095c   Data          88  main.o(.bss.hspi1)
    uwTick                                   0x200009b4   Data           4  stm32f4xx_hal.o(.bss.uwTick)



==============================================================================

Memory Map of the image

  Image Entry point : 0x08000189

  Load Region LR_IROM1 (Base: 0x08000000, Size: 0x00006290, Max: 0x00100000, ABSOLUTE)

    Execution Region ER_IROM1 (Exec base: 0x08000000, Load base: 0x08000000, Size: 0x00006254, Max: 0x00100000, ABSOLUTE)

    Exec Addr    Load Addr    Size         Type   Attr      Idx    E Section Name        Object

    0x08000000   0x08000000   0x00000188   Data   RO            3    RESET               startup_stm32f407xx.o
    0x08000188   0x08000188   0x00000008   Code   RO         1384  * !!!main             c_w.l(__main.o)
    0x08000190   0x08000190   0x0000005c   Code   RO         1609    !!!scatter          c_w.l(__scatter.o)
    0x080001ec   0x080001ec   0x0000001a   Code   RO         1613    !!handler_copy      c_w.l(__scatter_copy.o)
    0x08000206   0x08000206   0x00000002   PAD
    0x08000208   0x08000208   0x00000002   Code   RO         1610    !!handler_null      c_w.l(__scatter.o)
    0x0800020a   0x0800020a   0x00000002   PAD
    0x0800020c   0x0800020c   0x0000001c   Code   RO         1615    !!handler_zi        c_w.l(__scatter_zi.o)
    0x08000228   0x08000228   0x00000002   Code   RO         1535    .ARM.Collect$$libinit$$00000000  c_w.l(libinit.o)
    0x0800022a   0x0800022a   0x00000004   Code   RO         1459    .ARM.Collect$$libinit$$00000001  c_w.l(libinit2.o)
    0x0800022e   0x0800022e   0x00000000   Code   RO         1462    .ARM.Collect$$libinit$$00000004  c_w.l(libinit2.o)
    0x0800022e   0x0800022e   0x00000000   Code   RO         1464    .ARM.Collect$$libinit$$00000006  c_w.l(libinit2.o)
    0x0800022e   0x0800022e   0x00000008   Code   RO         1465    .ARM.Collect$$libinit$$00000007  c_w.l(libinit2.o)
    0x08000236   0x08000236   0x00000000   Code   RO         1467    .ARM.Collect$$libinit$$0000000C  c_w.l(libinit2.o)
    0x08000236   0x08000236   0x00000000   Code   RO         1469    .ARM.Collect$$libinit$$0000000E  c_w.l(libinit2.o)
    0x08000236   0x08000236   0x00000000   Code   RO         1471    .ARM.Collect$$libinit$$00000010  c_w.l(libinit2.o)
    0x08000236   0x08000236   0x00000000   Code   RO         1474    .ARM.Collect$$libinit$$00000013  c_w.l(libinit2.o)
    0x08000236   0x08000236   0x00000000   Code   RO         1476    .ARM.Collect$$libinit$$00000015  c_w.l(libinit2.o)
    0x08000236   0x08000236   0x00000000   Code   RO         1478    .ARM.Collect$$libinit$$00000017  c_w.l(libinit2.o)
    0x08000236   0x08000236   0x00000000   Code   RO         1480    .ARM.Collect$$libinit$$00000019  c_w.l(libinit2.o)
    0x08000236   0x08000236   0x00000000   Code   RO         1482    .ARM.Collect$$libinit$$0000001B  c_w.l(libinit2.o)
    0x08000236   0x08000236   0x00000000   Code   RO         1484    .ARM.Collect$$libinit$$0000001D  c_w.l(libinit2.o)
    0x08000236   0x08000236   0x00000000   Code   RO         1486    .ARM.Collect$$libinit$$0000001F  c_w.l(libinit2.o)
    0x08000236   0x08000236   0x00000000   Code   RO         1488    .ARM.Collect$$libinit$$00000021  c_w.l(libinit2.o)
    0x08000236   0x08000236   0x00000000   Code   RO         1490    .ARM.Collect$$libinit$$00000023  c_w.l(libinit2.o)
    0x08000236   0x08000236   0x00000000   Code   RO         1492    .ARM.Collect$$libinit$$00000025  c_w.l(libinit2.o)
    0x08000236   0x08000236   0x00000000   Code   RO         1494    .ARM.Collect$$libinit$$00000027  c_w.l(libinit2.o)
    0x08000236   0x08000236   0x00000000   Code   RO         1498    .ARM.Collect$$libinit$$0000002E  c_w.l(libinit2.o)
    0x08000236   0x08000236   0x00000000   Code   RO         1500    .ARM.Collect$$libinit$$00000030  c_w.l(libinit2.o)
    0x08000236   0x08000236   0x00000000   Code   RO         1502    .ARM.Collect$$libinit$$00000032  c_w.l(libinit2.o)
    0x08000236   0x08000236   0x00000000   Code   RO         1504    .ARM.Collect$$libinit$$00000034  c_w.l(libinit2.o)
    0x08000236   0x08000236   0x00000002   Code   RO         1505    .ARM.Collect$$libinit$$00000035  c_w.l(libinit2.o)
    0x08000238   0x08000238   0x00000002   Code   RO         1606    .ARM.Collect$$libshutdown$$00000000  c_w.l(libshutdown.o)
    0x0800023a   0x0800023a   0x00000000   Code   RO         1562    .ARM.Collect$$libshutdown$$00000002  c_w.l(libshutdown2.o)
    0x0800023a   0x0800023a   0x00000000   Code   RO         1564    .ARM.Collect$$libshutdown$$00000004  c_w.l(libshutdown2.o)
    0x0800023a   0x0800023a   0x00000000   Code   RO         1567    .ARM.Collect$$libshutdown$$00000007  c_w.l(libshutdown2.o)
    0x0800023a   0x0800023a   0x00000000   Code   RO         1570    .ARM.Collect$$libshutdown$$0000000A  c_w.l(libshutdown2.o)
    0x0800023a   0x0800023a   0x00000000   Code   RO         1572    .ARM.Collect$$libshutdown$$0000000C  c_w.l(libshutdown2.o)
    0x0800023a   0x0800023a   0x00000000   Code   RO         1575    .ARM.Collect$$libshutdown$$0000000F  c_w.l(libshutdown2.o)
    0x0800023a   0x0800023a   0x00000002   Code   RO         1576    .ARM.Collect$$libshutdown$$00000010  c_w.l(libshutdown2.o)
    0x0800023c   0x0800023c   0x00000000   Code   RO         1388    .ARM.Collect$$rtentry$$00000000  c_w.l(__rtentry.o)
    0x0800023c   0x0800023c   0x00000000   Code   RO         1424    .ARM.Collect$$rtentry$$00000002  c_w.l(__rtentry2.o)
    0x0800023c   0x0800023c   0x00000006   Code   RO         1436    .ARM.Collect$$rtentry$$00000004  c_w.l(__rtentry4.o)
    0x08000242   0x08000242   0x00000000   Code   RO         1426    .ARM.Collect$$rtentry$$00000009  c_w.l(__rtentry2.o)
    0x08000242   0x08000242   0x00000004   Code   RO         1427    .ARM.Collect$$rtentry$$0000000A  c_w.l(__rtentry2.o)
    0x08000246   0x08000246   0x00000000   Code   RO         1429    .ARM.Collect$$rtentry$$0000000C  c_w.l(__rtentry2.o)
    0x08000246   0x08000246   0x00000008   Code   RO         1430    .ARM.Collect$$rtentry$$0000000D  c_w.l(__rtentry2.o)
    0x0800024e   0x0800024e   0x00000002   Code   RO         1545    .ARM.Collect$$rtexit$$00000000  c_w.l(rtexit.o)
    0x08000250   0x08000250   0x00000000   Code   RO         1582    .ARM.Collect$$rtexit$$00000002  c_w.l(rtexit2.o)
    0x08000250   0x08000250   0x00000004   Code   RO         1583    .ARM.Collect$$rtexit$$00000003  c_w.l(rtexit2.o)
    0x08000254   0x08000254   0x00000006   Code   RO         1584    .ARM.Collect$$rtexit$$00000004  c_w.l(rtexit2.o)
    0x0800025a   0x0800025a   0x00000002   PAD
    0x0800025c   0x0800025c   0x00000040   Code   RO            4    .text               startup_stm32f407xx.o
    0x0800029c   0x0800029c   0x00000028   Code   RO         1320    .text               c_w.l(calloc.o)
    0x080002c4   0x080002c4   0x0000004e   Code   RO         1322    .text               c_w.l(h1_free.o)
    0x08000312   0x08000312   0x000000f0   Code   RO         1376    .text               c_w.l(lludivv7m.o)
    0x08000402   0x08000402   0x00000044   Code   RO         1378    .text               c_w.l(rt_memclr.o)
    0x08000446   0x08000446   0x0000004e   Code   RO         1380    .text               c_w.l(rt_memclr_w.o)
    0x08000494   0x08000494   0x00000006   Code   RO         1382    .text               c_w.l(heapauxi.o)
    0x0800049a   0x0800049a   0x00000002   PAD
    0x0800049c   0x0800049c   0x00000008   Code   RO         1396    .text               c_w.l(rt_heap_descriptor_intlibspace.o)
    0x080004a4   0x080004a4   0x00000004   Code   RO         1398    .text               c_w.l(hguard.o)
    0x080004a8   0x080004a8   0x0000008a   Code   RO         1400    .text               c_w.l(init_alloc.o)
    0x08000532   0x08000532   0x0000005e   Code   RO         1406    .text               c_w.l(h1_alloc.o)
    0x08000590   0x08000590   0x00000008   Code   RO         1420    .text               c_w.l(libspace.o)
    0x08000598   0x08000598   0x00000000   Code   RO         1440    .text               c_w.l(maybetermalloc1.o)
    0x08000598   0x08000598   0x0000000c   Code   RO         1442    .text               c_w.l(h1_init.o)
    0x080005a4   0x080005a4   0x00000034   Code   RO         1444    .text               c_w.l(h1_extend.o)
    0x080005d8   0x080005d8   0x0000000e   Code   RO         1450    .text               c_w.l(defsig_rtmem_outer.o)
    0x080005e6   0x080005e6   0x0000004a   Code   RO         1510    .text               c_w.l(sys_stackheap_outer.o)
    0x08000630   0x08000630   0x00000012   Code   RO         1518    .text               c_w.l(exit.o)
    0x08000642   0x08000642   0x0000000a   Code   RO         1520    .text               c_w.l(defsig_exit.o)
    0x0800064c   0x0800064c   0x00000050   Code   RO         1526    .text               c_w.l(defsig_rtmem_inner.o)
    0x0800069c   0x0800069c   0x0000000c   Code   RO         1538    .text               c_w.l(sys_exit.o)
    0x080006a8   0x080006a8   0x00000002   Code   RO         1542    .text               c_w.l(use_no_semi.o)
    0x080006aa   0x080006aa   0x00000000   Code   RO         1544    .text               c_w.l(indicate_semi.o)
    0x080006aa   0x080006aa   0x00000032   Code   RO         1553    .text               c_w.l(defsig_general.o)
    0x080006dc   0x080006dc   0x0000000e   Code   RO         1577    .text               c_w.l(sys_wrch.o)
    0x080006ea   0x080006ea   0x00000002   PAD
    0x080006ec   0x080006ec   0x00000002   Code   RO           41    .text.BusFault_Handler  stm32f4xx_it.o
    0x080006ee   0x080006ee   0x00000002   PAD
    0x080006f0   0x080006f0   0x0000000c   Code   RO           55    .text.CAN1_RX0_IRQHandler  stm32f4xx_it.o
    0x080006fc   0x080006fc   0x00000002   Code   RO           47    .text.DebugMon_Handler  stm32f4xx_it.o
    0x080006fe   0x080006fe   0x00000002   PAD
    0x08000700   0x08000700   0x00000006   Code   RO           53    .text.EXTI0_IRQHandler  stm32f4xx_it.o
    0x08000706   0x08000706   0x00000002   PAD
    0x08000708   0x08000708   0x00000002   Code   RO           15    .text.Error_Handler  main.o
    0x0800070a   0x0800070a   0x00000002   PAD
    0x0800070c   0x0800070c   0x0000002e   Code   RO          757    .text.HAL_CAN_ActivateNotification  stm32f4xx_hal_can.o
    0x0800073a   0x0800073a   0x00000002   PAD
    0x0800073c   0x0800073c   0x000000a4   Code   RO          743    .text.HAL_CAN_AddTxMessage  stm32f4xx_hal_can.o
    0x080007e0   0x080007e0   0x00000002   Code   RO          787    .text.HAL_CAN_ErrorCallback  stm32f4xx_hal_can.o
    0x080007e2   0x080007e2   0x00000002   PAD
    0x080007e4   0x080007e4   0x0000012e   Code   RO          753    .text.HAL_CAN_GetRxMessage  stm32f4xx_hal_can.o
    0x08000912   0x08000912   0x00000002   PAD
    0x08000914   0x08000914   0x0000025e   Code   RO          761    .text.HAL_CAN_IRQHandler  stm32f4xx_hal_can.o
    0x08000b72   0x08000b72   0x00000002   PAD
    0x08000b74   0x08000b74   0x000000f4   Code   RO          723    .text.HAL_CAN_Init  stm32f4xx_hal_can.o
    0x08000c68   0x08000c68   0x000000a8   Code   RO           68    .text.HAL_CAN_MspInit  stm32f4xx_hal_msp.o
    0x08000d10   0x08000d10   0x00000002   Code   RO          775    .text.HAL_CAN_RxFifo0FullCallback  stm32f4xx_hal_can.o
    0x08000d12   0x08000d12   0x00000002   PAD
    0x08000d14   0x08000d14   0x00000028   Code   RO           19    .text.HAL_CAN_RxFifo0MsgPendingCallback  main.o
    0x08000d3c   0x08000d3c   0x00000002   Code   RO          779    .text.HAL_CAN_RxFifo1FullCallback  stm32f4xx_hal_can.o
    0x08000d3e   0x08000d3e   0x00000002   PAD
    0x08000d40   0x08000d40   0x00000002   Code   RO          781    .text.HAL_CAN_RxFifo1MsgPendingCallback  stm32f4xx_hal_can.o
    0x08000d42   0x08000d42   0x00000002   PAD
    0x08000d44   0x08000d44   0x00000002   Code   RO          783    .text.HAL_CAN_SleepCallback  stm32f4xx_hal_can.o
    0x08000d46   0x08000d46   0x00000002   PAD
    0x08000d48   0x08000d48   0x0000005a   Code   RO          735    .text.HAL_CAN_Start  stm32f4xx_hal_can.o
    0x08000da2   0x08000da2   0x00000002   PAD
    0x08000da4   0x08000da4   0x00000002   Code   RO          765    .text.HAL_CAN_TxMailbox0AbortCallback  stm32f4xx_hal_can.o
    0x08000da6   0x08000da6   0x00000002   PAD
    0x08000da8   0x08000da8   0x00000002   Code   RO          763    .text.HAL_CAN_TxMailbox0CompleteCallback  stm32f4xx_hal_can.o
    0x08000daa   0x08000daa   0x00000002   PAD
    0x08000dac   0x08000dac   0x00000002   Code   RO          769    .text.HAL_CAN_TxMailbox1AbortCallback  stm32f4xx_hal_can.o
    0x08000dae   0x08000dae   0x00000002   PAD
    0x08000db0   0x08000db0   0x00000002   Code   RO          767    .text.HAL_CAN_TxMailbox1CompleteCallback  stm32f4xx_hal_can.o
    0x08000db2   0x08000db2   0x00000002   PAD
    0x08000db4   0x08000db4   0x00000002   Code   RO          773    .text.HAL_CAN_TxMailbox2AbortCallback  stm32f4xx_hal_can.o
    0x08000db6   0x08000db6   0x00000002   PAD
    0x08000db8   0x08000db8   0x00000002   Code   RO          771    .text.HAL_CAN_TxMailbox2CompleteCallback  stm32f4xx_hal_can.o
    0x08000dba   0x08000dba   0x00000002   PAD
    0x08000dbc   0x08000dbc   0x00000002   Code   RO          785    .text.HAL_CAN_WakeUpFromRxMsgCallback  stm32f4xx_hal_can.o
    0x08000dbe   0x08000dbe   0x00000002   PAD
    0x08000dc0   0x08000dc0   0x00000028   Code   RO          653    .text.HAL_Delay     stm32f4xx_hal.o
    0x08000de8   0x08000de8   0x00000050   Code   RO           17    .text.HAL_GPIO_EXTI_Callback  main.o
    0x08000e38   0x08000e38   0x00000016   Code   RO          460    .text.HAL_GPIO_EXTI_IRQHandler  stm32f4xx_hal_gpio.o
    0x08000e4e   0x08000e4e   0x00000002   PAD
    0x08000e50   0x08000e50   0x0000019e   Code   RO          448    .text.HAL_GPIO_Init  stm32f4xx_hal_gpio.o
    0x08000fee   0x08000fee   0x00000002   PAD
    0x08000ff0   0x08000ff0   0x00000010   Code   RO          456    .text.HAL_GPIO_TogglePin  stm32f4xx_hal_gpio.o
    0x08001000   0x08001000   0x0000000a   Code   RO          454    .text.HAL_GPIO_WritePin  stm32f4xx_hal_gpio.o
    0x0800100a   0x0800100a   0x00000002   PAD
    0x0800100c   0x0800100c   0x0000000c   Code   RO          645    .text.HAL_GetTick   stm32f4xx_hal.o
    0x08001018   0x08001018   0x00000008   Code   RO          114    .text.HAL_HCD_Connect_Callback  usbh_conf.o
    0x08001020   0x08001020   0x00000008   Code   RO          116    .text.HAL_HCD_Disconnect_Callback  usbh_conf.o
    0x08001028   0x08001028   0x00000006   Code   RO          220    .text.HAL_HCD_GetCurrentFrame  stm32f4xx_hal_hcd.o
    0x0800102e   0x0800102e   0x00000002   PAD
    0x08001030   0x08001030   0x00000006   Code   RO          222    .text.HAL_HCD_GetCurrentSpeed  stm32f4xx_hal_hcd.o
    0x08001036   0x08001036   0x00000002   PAD
    0x08001038   0x08001038   0x0000000e   Code   RO          214    .text.HAL_HCD_HC_GetURBState  stm32f4xx_hal_hcd.o
    0x08001046   0x08001046   0x00000002   PAD
    0x08001048   0x08001048   0x0000000c   Code   RO          216    .text.HAL_HCD_HC_GetXferCount  stm32f4xx_hal_hcd.o
    0x08001054   0x08001054   0x00000026   Code   RO          182    .text.HAL_HCD_HC_Halt  stm32f4xx_hal_hcd.o
    0x0800107a   0x0800107a   0x00000002   PAD
    0x0800107c   0x0800107c   0x000000a6   Code   RO          178    .text.HAL_HCD_HC_Init  stm32f4xx_hal_hcd.o
    0x08001122   0x08001122   0x00000002   PAD
    0x08001124   0x08001124   0x00000002   Code   RO          118    .text.HAL_HCD_HC_NotifyURBChange_Callback  usbh_conf.o
    0x08001126   0x08001126   0x00000002   PAD
    0x08001128   0x08001128   0x000000a2   Code   RO          188    .text.HAL_HCD_HC_SubmitRequest  stm32f4xx_hal_hcd.o
    0x080011ca   0x080011ca   0x00000002   PAD
    0x080011cc   0x080011cc   0x00000950   Code   RO          190    .text.HAL_HCD_IRQHandler  stm32f4xx_hal_hcd.o
    0x08001b1c   0x08001b1c   0x0000008a   Code   RO          174    .text.HAL_HCD_Init  stm32f4xx_hal_hcd.o
    0x08001ba6   0x08001ba6   0x00000002   PAD
    0x08001ba8   0x08001ba8   0x0000009c   Code   RO          108    .text.HAL_HCD_MspInit  usbh_conf.o
    0x08001c44   0x08001c44   0x00000008   Code   RO          122    .text.HAL_HCD_PortDisabled_Callback  usbh_conf.o
    0x08001c4c   0x08001c4c   0x00000008   Code   RO          120    .text.HAL_HCD_PortEnabled_Callback  usbh_conf.o
    0x08001c54   0x08001c54   0x00000006   Code   RO          210    .text.HAL_HCD_ResetPort  stm32f4xx_hal_hcd.o
    0x08001c5a   0x08001c5a   0x00000002   PAD
    0x08001c5c   0x08001c5c   0x00000008   Code   RO          112    .text.HAL_HCD_SOF_Callback  usbh_conf.o
    0x08001c64   0x08001c64   0x0000002e   Code   RO          206    .text.HAL_HCD_Start  stm32f4xx_hal_hcd.o
    0x08001c92   0x08001c92   0x00000002   PAD
    0x08001c94   0x08001c94   0x00000026   Code   RO          208    .text.HAL_HCD_Stop  stm32f4xx_hal_hcd.o
    0x08001cba   0x08001cba   0x00000002   PAD
    0x08001cbc   0x08001cbc   0x00000164   Code   RO          803    .text.HAL_I2C_Init  stm32f4xx_hal_i2c.o
    0x08001e20   0x08001e20   0x00000076   Code   RO           72    .text.HAL_I2C_MspInit  stm32f4xx_hal_msp.o
    0x08001e96   0x08001e96   0x00000002   PAD
    0x08001e98   0x08001e98   0x00000276   Code   RO         1018    .text.HAL_I2SEx_FullDuplex_IRQHandler  stm32f4xx_hal_i2s_ex.o
    0x0800210e   0x0800210e   0x00000002   PAD
    0x08002110   0x08002110   0x00000002   Code   RO         1022    .text.HAL_I2SEx_TxRxCpltCallback  stm32f4xx_hal_i2s_ex.o
    0x08002112   0x08002112   0x00000002   PAD
    0x08002114   0x08002114   0x00000002   Code   RO          992    .text.HAL_I2S_ErrorCallback  stm32f4xx_hal_i2s.o
    0x08002116   0x08002116   0x00000002   PAD
    0x08002118   0x08002118   0x00000172   Code   RO          942    .text.HAL_I2S_Init  stm32f4xx_hal_i2s.o
    0x0800228a   0x0800228a   0x00000002   PAD
    0x0800228c   0x0800228c   0x000000c8   Code   RO           76    .text.HAL_I2S_MspInit  stm32f4xx_hal_msp.o
    0x08002354   0x08002354   0x00000002   Code   RO          990    .text.HAL_I2S_RxCpltCallback  stm32f4xx_hal_i2s.o
    0x08002356   0x08002356   0x00000002   PAD
    0x08002358   0x08002358   0x00000002   Code   RO          986    .text.HAL_I2S_TxCpltCallback  stm32f4xx_hal_i2s.o
    0x0800235a   0x0800235a   0x00000002   PAD
    0x0800235c   0x0800235c   0x0000001a   Code   RO          643    .text.HAL_IncTick   stm32f4xx_hal.o
    0x08002376   0x08002376   0x00000002   PAD
    0x08002378   0x08002378   0x00000036   Code   RO          633    .text.HAL_Init      stm32f4xx_hal.o
    0x080023ae   0x080023ae   0x00000002   PAD
    0x080023b0   0x080023b0   0x00000048   Code   RO          635    .text.HAL_InitTick  stm32f4xx_hal.o
    0x080023f8   0x080023f8   0x0000003c   Code   RO           66    .text.HAL_MspInit   stm32f4xx_hal_msp.o
    0x08002434   0x08002434   0x00000022   Code   RO          585    .text.HAL_NVIC_EnableIRQ  stm32f4xx_hal_cortex.o
    0x08002456   0x08002456   0x00000002   PAD
    0x08002458   0x08002458   0x00000056   Code   RO          583    .text.HAL_NVIC_SetPriority  stm32f4xx_hal_cortex.o
    0x080024ae   0x080024ae   0x00000002   PAD
    0x080024b0   0x080024b0   0x00000020   Code   RO          581    .text.HAL_NVIC_SetPriorityGrouping  stm32f4xx_hal_cortex.o
    0x080024d0   0x080024d0   0x00000058   Code   RO          378    .text.HAL_RCCEx_GetPeriphCLKFreq  stm32f4xx_hal_rcc_ex.o
    0x08002528   0x08002528   0x0000014a   Code   RO          374    .text.HAL_RCCEx_PeriphCLKConfig  stm32f4xx_hal_rcc_ex.o
    0x08002672   0x08002672   0x00000002   PAD
    0x08002674   0x08002674   0x00000164   Code   RO          342    .text.HAL_RCC_ClockConfig  stm32f4xx_hal_rcc.o
    0x080027d8   0x080027d8   0x00000026   Code   RO          354    .text.HAL_RCC_GetPCLK1Freq  stm32f4xx_hal_rcc.o
    0x080027fe   0x080027fe   0x00000002   PAD
    0x08002800   0x08002800   0x0000006c   Code   RO          344    .text.HAL_RCC_GetSysClockFreq  stm32f4xx_hal_rcc.o
    0x0800286c   0x0800286c   0x000003ac   Code   RO          340    .text.HAL_RCC_OscConfig  stm32f4xx_hal_rcc.o
    0x08002c18   0x08002c18   0x000000b0   Code   RO         1032    .text.HAL_SPI_Init  stm32f4xx_hal_spi.o
    0x08002cc8   0x08002cc8   0x00000072   Code   RO           80    .text.HAL_SPI_MspInit  stm32f4xx_hal_msp.o
    0x08002d3a   0x08002d3a   0x00000002   PAD
    0x08002d3c   0x08002d3c   0x0000002c   Code   RO          593    .text.HAL_SYSTICK_Config  stm32f4xx_hal_cortex.o
    0x08002d68   0x08002d68   0x00000002   Code   RO           37    .text.HardFault_Handler  stm32f4xx_it.o
    0x08002d6a   0x08002d6a   0x00000002   PAD
    0x08002d6c   0x08002d6c   0x0000010a   Code   RO          944    .text.I2S_IRQHandler  stm32f4xx_hal_i2s.o
    0x08002e76   0x08002e76   0x00000002   PAD
    0x08002e78   0x08002e78   0x00000018   Code   RO          165    .text.MX_DriverVbusFS  usbh_platform.o
    0x08002e90   0x08002e90   0x00000056   Code   RO           92    .text.MX_USB_HOST_Init  usb_host.o
    0x08002ee6   0x08002ee6   0x00000002   PAD
    0x08002ee8   0x08002ee8   0x0000000c   Code   RO           96    .text.MX_USB_HOST_Process  usb_host.o
    0x08002ef4   0x08002ef4   0x00000002   Code   RO           39    .text.MemManage_Handler  stm32f4xx_it.o
    0x08002ef6   0x08002ef6   0x00000002   PAD
    0x08002ef8   0x08002ef8   0x00000002   Code   RO           35    .text.NMI_Handler   stm32f4xx_it.o
    0x08002efa   0x08002efa   0x00000002   PAD
    0x08002efc   0x08002efc   0x0000000c   Code   RO           57    .text.OTG_FS_IRQHandler  stm32f4xx_it.o
    0x08002f08   0x08002f08   0x00000002   Code   RO           49    .text.PendSV_Handler  stm32f4xx_it.o
    0x08002f0a   0x08002f0a   0x00000002   PAD
    0x08002f0c   0x08002f0c   0x00000002   Code   RO           45    .text.SVC_Handler   stm32f4xx_it.o
    0x08002f0e   0x08002f0e   0x00000002   PAD
    0x08002f10   0x08002f10   0x00000004   Code   RO           51    .text.SysTick_Handler  stm32f4xx_it.o
    0x08002f14   0x08002f14   0x00000012   Code   RO         1148    .text.SystemInit    system_stm32f4xx.o
    0x08002f26   0x08002f26   0x00000002   PAD
    0x08002f28   0x08002f28   0x000000d2   Code   RO         1267    .text.USBH_AllocPipe  usbh_pipes.o
    0x08002ffa   0x08002ffa   0x00000002   PAD
    0x08002ffc   0x08002ffc   0x00000026   Code   RO         1245    .text.USBH_BulkReceiveData  usbh_ioreq.o
    0x08003022   0x08003022   0x00000002   PAD
    0x08003024   0x08003024   0x00000032   Code   RO         1243    .text.USBH_BulkSendData  usbh_ioreq.o
    0x08003056   0x08003056   0x00000002   PAD
    0x08003058   0x08003058   0x0000003c   Code   RO         1283    .text.USBH_CDC_ClassRequest  usbh_cdc.o
    0x08003094   0x08003094   0x00000064   Code   RO         1281    .text.USBH_CDC_InterfaceDeInit  usbh_cdc.o
    0x080030f8   0x080030f8   0x00000156   Code   RO         1279    .text.USBH_CDC_InterfaceInit  usbh_cdc.o
    0x0800324e   0x0800324e   0x00000002   PAD
    0x08003250   0x08003250   0x00000002   Code   RO         1305    .text.USBH_CDC_LineCodingChanged  usbh_cdc.o
    0x08003252   0x08003252   0x00000002   PAD
    0x08003254   0x08003254   0x000001ba   Code   RO         1285    .text.USBH_CDC_Process  usbh_cdc.o
    0x0800340e   0x0800340e   0x00000002   PAD
    0x08003410   0x08003410   0x00000002   Code   RO         1303    .text.USBH_CDC_ReceiveCallback  usbh_cdc.o
    0x08003412   0x08003412   0x00000002   PAD
    0x08003414   0x08003414   0x00000004   Code   RO         1287    .text.USBH_CDC_SOFProcess  usbh_cdc.o
    0x08003418   0x08003418   0x00000002   Code   RO         1301    .text.USBH_CDC_TransmitCallback  usbh_cdc.o
    0x0800341a   0x0800341a   0x00000002   PAD
    0x0800341c   0x0800341c   0x0000000a   Code   RO         1265    .text.USBH_ClosePipe  usbh_pipes.o
    0x08003426   0x08003426   0x00000002   PAD
    0x08003428   0x08003428   0x0000001a   Code   RO         1225    .text.USBH_ClrFeature  usbh_ctlreq.o
    0x08003442   0x08003442   0x00000002   PAD
    0x08003444   0x08003444   0x00000026   Code   RO         1241    .text.USBH_CtlReceiveData  usbh_ioreq.o
    0x0800346a   0x0800346a   0x00000002   PAD
    0x0800346c   0x0800346c   0x000001e2   Code   RO         1215    .text.USBH_CtlReq   usbh_ctlreq.o
    0x0800364e   0x0800364e   0x00000002   PAD
    0x08003650   0x08003650   0x00000032   Code   RO         1239    .text.USBH_CtlSendData  usbh_ioreq.o
    0x08003682   0x08003682   0x00000002   PAD
    0x08003684   0x08003684   0x00000024   Code   RO         1237    .text.USBH_CtlSendSetup  usbh_ioreq.o
    0x080036a8   0x080036a8   0x00000004   Code   RO          154    .text.USBH_Delay    usbh_conf.o
    0x080036ac   0x080036ac   0x000000fa   Code   RO         1173    .text.USBH_FindInterface  usbh_core.o
    0x080037a6   0x080037a6   0x00000002   PAD
    0x080037a8   0x080037a8   0x00000018   Code   RO         1269    .text.USBH_FreePipe  usbh_pipes.o
    0x080037c0   0x080037c0   0x00000270   Code   RO         1211    .text.USBH_Get_CfgDesc  usbh_ctlreq.o
    0x08003a30   0x08003a30   0x000000ba   Code   RO         1207    .text.USBH_Get_DevDesc  usbh_ctlreq.o
    0x08003aea   0x08003aea   0x00000002   PAD
    0x08003aec   0x08003aec   0x000000bc   Code   RO         1213    .text.USBH_Get_StringDesc  usbh_ctlreq.o
    0x08003ba8   0x08003ba8   0x00000076   Code   RO         1163    .text.USBH_Init     usbh_core.o
    0x08003c1e   0x08003c1e   0x00000002   PAD
    0x08003c20   0x08003c20   0x00000022   Code   RO          142    .text.USBH_LL_ClosePipe  usbh_conf.o
    0x08003c42   0x08003c42   0x00000002   PAD
    0x08003c44   0x08003c44   0x00000016   Code   RO         1195    .text.USBH_LL_Connect  usbh_core.o
    0x08003c5a   0x08003c5a   0x00000002   PAD
    0x08003c5c   0x08003c5c   0x0000002e   Code   RO         1197    .text.USBH_LL_Disconnect  usbh_core.o
    0x08003c8a   0x08003c8a   0x00000002   PAD
    0x08003c8c   0x08003c8c   0x0000001a   Code   RO          148    .text.USBH_LL_DriverVBUS  usbh_conf.o
    0x08003ca6   0x08003ca6   0x00000002   PAD
    0x08003ca8   0x08003ca8   0x00000008   Code   RO          138    .text.USBH_LL_GetLastXferSize  usbh_conf.o
    0x08003cb0   0x08003cb0   0x00000014   Code   RO          134    .text.USBH_LL_GetSpeed  usbh_conf.o
    0x08003cc4   0x08003cc4   0x00000008   Code   RO          146    .text.USBH_LL_GetURBState  usbh_conf.o
    0x08003ccc   0x08003ccc   0x0000001e   Code   RO         1189    .text.USBH_LL_IncTimer  usbh_core.o
    0x08003cea   0x08003cea   0x00000002   PAD
    0x08003cec   0x08003cec   0x0000005c   Code   RO          124    .text.USBH_LL_Init  usbh_conf.o
    0x08003d48   0x08003d48   0x00000032   Code   RO          140    .text.USBH_LL_OpenPipe  usbh_conf.o
    0x08003d7a   0x08003d7a   0x00000002   PAD
    0x08003d7c   0x08003d7c   0x00000008   Code   RO         1193    .text.USBH_LL_PortDisabled  usbh_core.o
    0x08003d84   0x08003d84   0x00000008   Code   RO         1191    .text.USBH_LL_PortEnabled  usbh_core.o
    0x08003d8c   0x08003d8c   0x00000022   Code   RO          136    .text.USBH_LL_ResetPort  usbh_conf.o
    0x08003dae   0x08003dae   0x00000002   PAD
    0x08003db0   0x08003db0   0x00000006   Code   RO         1187    .text.USBH_LL_SetTimer  usbh_core.o
    0x08003db6   0x08003db6   0x00000002   PAD
    0x08003db8   0x08003db8   0x00000020   Code   RO          150    .text.USBH_LL_SetToggle  usbh_conf.o
    0x08003dd8   0x08003dd8   0x00000022   Code   RO          130    .text.USBH_LL_Start  usbh_conf.o
    0x08003dfa   0x08003dfa   0x00000002   PAD
    0x08003dfc   0x08003dfc   0x00000022   Code   RO          132    .text.USBH_LL_Stop  usbh_conf.o
    0x08003e1e   0x08003e1e   0x00000002   PAD
    0x08003e20   0x08003e20   0x00000036   Code   RO          144    .text.USBH_LL_SubmitURB  usbh_conf.o
    0x08003e56   0x08003e56   0x00000002   PAD
    0x08003e58   0x08003e58   0x0000001a   Code   RO         1263    .text.USBH_OpenPipe  usbh_pipes.o
    0x08003e72   0x08003e72   0x00000002   PAD
    0x08003e74   0x08003e74   0x000004ac   Code   RO         1185    .text.USBH_Process  usbh_core.o
    0x08004320   0x08004320   0x0000001a   Code   RO         1167    .text.USBH_RegisterClass  usbh_core.o
    0x0800433a   0x0800433a   0x00000002   PAD
    0x0800433c   0x0800433c   0x00000012   Code   RO         1169    .text.USBH_SelectInterface  usbh_core.o
    0x0800434e   0x0800434e   0x00000002   PAD
    0x08004350   0x08004350   0x0000001a   Code   RO         1217    .text.USBH_SetAddress  usbh_ctlreq.o
    0x0800436a   0x0800436a   0x00000002   PAD
    0x0800436c   0x0800436c   0x0000001a   Code   RO         1219    .text.USBH_SetCfg   usbh_ctlreq.o
    0x08004386   0x08004386   0x00000002   PAD
    0x08004388   0x08004388   0x0000001a   Code   RO         1223    .text.USBH_SetFeature  usbh_ctlreq.o
    0x080043a2   0x080043a2   0x00000002   PAD
    0x080043a4   0x080043a4   0x00000014   Code   RO         1177    .text.USBH_Start    usbh_core.o
    0x080043b8   0x080043b8   0x0000003a   Code   RO           94    .text.USBH_UserProcess  usb_host.o
    0x080043f2   0x080043f2   0x00000002   PAD
    0x080043f4   0x080043f4   0x00000212   Code   RO          234    .text.USB_CoreInit  stm32f4xx_ll_usb.o
    0x08004606   0x08004606   0x00000002   PAD
    0x08004608   0x08004608   0x0000000e   Code   RO          240    .text.USB_DisableGlobalInt  stm32f4xx_ll_usb.o
    0x08004616   0x08004616   0x00000002   PAD
    0x08004618   0x08004618   0x0000004c   Code   RO          308    .text.USB_DriveVbus  stm32f4xx_ll_usb.o
    0x08004664   0x08004664   0x0000000e   Code   RO          238    .text.USB_EnableGlobalInt  stm32f4xx_ll_usb.o
    0x08004672   0x08004672   0x00000002   PAD
    0x08004674   0x08004674   0x000000be   Code   RO          252    .text.USB_FlushRxFifo  stm32f4xx_ll_usb.o
    0x08004732   0x08004732   0x00000002   PAD
    0x08004734   0x08004734   0x000000be   Code   RO          250    .text.USB_FlushTxFifo  stm32f4xx_ll_usb.o
    0x080047f2   0x080047f2   0x00000002   PAD
    0x080047f4   0x080047f4   0x00000008   Code   RO          312    .text.USB_GetCurrentFrame  stm32f4xx_ll_usb.o
    0x080047fc   0x080047fc   0x00000016   Code   RO          310    .text.USB_GetHostSpeed  stm32f4xx_ll_usb.o
    0x08004812   0x08004812   0x00000002   PAD
    0x08004814   0x08004814   0x00000008   Code   RO          244    .text.USB_GetMode   stm32f4xx_ll_usb.o
    0x0800481c   0x0800481c   0x00000156   Code   RO          322    .text.USB_HC_Halt   stm32f4xx_ll_usb.o
    0x08004972   0x08004972   0x00000002   PAD
    0x08004974   0x08004974   0x00000126   Code   RO          314    .text.USB_HC_Init   stm32f4xx_ll_usb.o
    0x08004a9a   0x08004a9a   0x00000002   PAD
    0x08004a9c   0x08004a9c   0x00000008   Code   RO          320    .text.USB_HC_ReadInterrupt  stm32f4xx_ll_usb.o
    0x08004aa4   0x08004aa4   0x000002f8   Code   RO          316    .text.USB_HC_StartXfer  stm32f4xx_ll_usb.o
    0x08004d9c   0x08004d9c   0x000002d8   Code   RO          302    .text.USB_HostInit  stm32f4xx_ll_usb.o
    0x08005074   0x08005074   0x00000040   Code   RO          304    .text.USB_InitFSLSPClkSel  stm32f4xx_ll_usb.o
    0x080050b4   0x080050b4   0x00000010   Code   RO          286    .text.USB_ReadChInterrupts  stm32f4xx_ll_usb.o
    0x080050c4   0x080050c4   0x00000008   Code   RO          284    .text.USB_ReadInterrupts  stm32f4xx_ll_usb.o
    0x080050cc   0x080050cc   0x000000aa   Code   RO          270    .text.USB_ReadPacket  stm32f4xx_ll_usb.o
    0x08005176   0x08005176   0x00000002   PAD
    0x08005178   0x08005178   0x0000003e   Code   RO          306    .text.USB_ResetPort  stm32f4xx_ll_usb.o
    0x080051b6   0x080051b6   0x00000002   PAD
    0x080051b8   0x080051b8   0x00000368   Code   RO          242    .text.USB_SetCurrentMode  stm32f4xx_ll_usb.o
    0x08005520   0x08005520   0x00000938   Code   RO          324    .text.USB_StopHost  stm32f4xx_ll_usb.o
    0x08005e58   0x08005e58   0x00000002   Code   RO           43    .text.UsageFault_Handler  stm32f4xx_it.o
    0x08005e5a   0x08005e5a   0x00000002   PAD
    0x08005e5c   0x08005e5c   0x000003a2   Code   RO           11    .text.main          main.o
    0x080061fe   0x080061fe   0x0000001a   Code   RO         1536    x$fpl$fpinit        fz_wm.l(fpinit.o)
    0x08006218   0x08006218   0x00000010   Data   RO         1153    .rodata.AHBPrescTable  system_stm32f4xx.o
    0x08006228   0x08006228   0x00000008   Data   RO         1154    .rodata.APBPrescTable  system_stm32f4xx.o
    0x08006230   0x08006230   0x00000004   Data   RO         1307    .rodata.str1.1      usbh_cdc.o
    0x08006234   0x08006234   0x00000020   Data   RO         1608    Region$$Table       anon$$obj.o


    Execution Region RW_IRAM1 (Exec base: 0x20000000, Load base: 0x08006258, Size: 0x00000fb8, Max: 0x0001c000, ABSOLUTE)

    Exec Addr    Load Addr    Size         Type   Attr      Idx    E Section Name        Object

    0x20000000   0x08006258   0x00000008   Data   RW          688    .data..L_MergedGlobals  stm32f4xx_hal.o
    0x20000008   0x08006260   0x00000020   Data   RW         1308    .data.CDC_Class     usbh_cdc.o
    0x20000028   0x08006280   0x00000004   Data   RW         1152    .data.SystemCoreClock  system_stm32f4xx.o
    0x2000002c   0x08006284   0x00000008   Data   RW           21    .data.txData        main.o
    0x20000034   0x0800628c   0x00000004   PAD
    0x20000038        -       0x00000060   Zero   RW         1421    .bss                c_w.l(libspace.o)
    0x20000098        -       0x0000006c   Zero   RW           26    .bss..L_MergedGlobals  main.o
    0x20000104        -       0x00000001   Zero   RW           98    .bss.Appli_state    usb_host.o
    0x20000105   0x0800628c   0x00000003   PAD
    0x20000108        -       0x000003d8   Zero   RW           99    .bss.hUsbHostFS     usb_host.o
    0x200004e0        -       0x000003e0   Zero   RW          156    .bss.hhcd_USB_OTG_FS  usbh_conf.o
    0x200008c0        -       0x00000054   Zero   RW           22    .bss.hi2c1          main.o
    0x20000914        -       0x00000048   Zero   RW           23    .bss.hi2s3          main.o
    0x2000095c        -       0x00000058   Zero   RW           24    .bss.hspi1          main.o
    0x200009b4        -       0x00000004   Zero   RW          687    .bss.uwTick         stm32f4xx_hal.o
    0x200009b8        -       0x00000200   Zero   RW            2    HEAP                startup_stm32f407xx.o
    0x20000bb8        -       0x00000400   Zero   RW            1    STACK               startup_stm32f407xx.o


    Execution Region RW_IRAM2 (Exec base: 0x2001c000, Load base: 0x08006290, Size: 0x00000000, Max: 0x00004000, ABSOLUTE)

    **** No section assigned to this execution region ****


==============================================================================

Image component sizes


      Code (inc. data)   RO Data    RW Data    ZI Data      Debug   Object Name

      1052          0          0          8        352      13784   main.o
        64         26        392          0       1536        832   startup_stm32f407xx.o
       204          0          0          8          4       7313   stm32f4xx_hal.o
      1476          6          0          0          0      13841   stm32f4xx_hal_can.o
       196          0          0          0          0      10730   stm32f4xx_hal_cortex.o
       462          0          0          0          0       5360   stm32f4xx_hal_gpio.o
      3016         38          0          0          0      15232   stm32f4xx_hal_hcd.o
       356          0          0          0          0      44415   stm32f4xx_hal_i2c.o
       642          0          0          0          0      14481   stm32f4xx_hal_i2s.o
       632          0          0          0          0      10109   stm32f4xx_hal_i2s_ex.o
       660          0          0          0          0      12579   stm32f4xx_hal_msp.o
      1442          0          0          0          0       7457   stm32f4xx_hal_rcc.o
       418          0          0          0          0       4418   stm32f4xx_hal_rcc_ex.o
       176          0          0          0          0      26355   stm32f4xx_hal_spi.o
        50          0          0          0          0       6039   stm32f4xx_it.o
      6736         26          0          0          0      39895   stm32f4xx_ll_usb.o
        18          0         24          4          0       2657   system_stm32f4xx.o
       156          0          0          0        985       5812   usb_host.o
       954          6          4         32          0      13264   usbh_cdc.o
       628          0          0          0        992      18321   usbh_conf.o
      1748         40          0          0          0      12171   usbh_core.o
      1584         30          0          0          0      14605   usbh_ctlreq.o
       212          0          0          0          0       8221   usbh_ioreq.o
       270          0          0          0          0       6716   usbh_pipes.o
        24          0          0          0          0       1386   usbh_platform.o

    ----------------------------------------------------------------------
     23378        172        452         52       3876     315993   Object Totals
         0          0         32          0          0          0   (incl. Generated)
       202          0          0          0          7          0   (incl. Padding)

    ----------------------------------------------------------------------

      Code (inc. data)   RO Data    RW Data    ZI Data      Debug   Library Member Name

         8          0          0          0          0         68   __main.o
         0          0          0          0          0          0   __rtentry.o
        12          0          0          0          0          0   __rtentry2.o
         6          0          0          0          0          0   __rtentry4.o
        94          8          0          0          0          0   __scatter.o
        26          0          0          0          0          0   __scatter_copy.o
        28          0          0          0          0          0   __scatter_zi.o
        40          0          0          0          0         80   calloc.o
        10          0          0          0          0         68   defsig_exit.o
        50          0          0          0          0         88   defsig_general.o
        80         58          0          0          0         76   defsig_rtmem_inner.o
        14          0          0          0          0         80   defsig_rtmem_outer.o
        18          0          0          0          0         80   exit.o
        94          0          0          0          0         80   h1_alloc.o
        52          0          0          0          0         68   h1_extend.o
        78          0          0          0          0         80   h1_free.o
        12          0          0          0          0         84   h1_init.o
         6          0          0          0          0        152   heapauxi.o
         4          0          0          0          0        136   hguard.o
         0          0          0          0          0          0   indicate_semi.o
       138          0          0          0          0        168   init_alloc.o
         2          0          0          0          0          0   libinit.o
        14          0          0          0          0          0   libinit2.o
         2          0          0          0          0          0   libshutdown.o
         2          0          0          0          0          0   libshutdown2.o
         8          4          0          0         96         68   libspace.o
       240          0          0          0          0        100   lludivv7m.o
         0          0          0          0          0          0   maybetermalloc1.o
         8          4          0          0          0         68   rt_heap_descriptor_intlibspace.o
        68          0          0          0          0         68   rt_memclr.o
        78          0          0          0          0         80   rt_memclr_w.o
         2          0          0          0          0          0   rtexit.o
        10          0          0          0          0          0   rtexit2.o
        12          4          0          0          0         68   sys_exit.o
        74          0          0          0          0         80   sys_stackheap_outer.o
        14          0          0          0          0         76   sys_wrch.o
         2          0          0          0          0         68   use_no_semi.o
        26          0          0          0          0        116   fpinit.o

    ----------------------------------------------------------------------
      1342         78          0          0         96       2100   Library Totals
        10          0          0          0          0          0   (incl. Padding)

    ----------------------------------------------------------------------

      Code (inc. data)   RO Data    RW Data    ZI Data      Debug   Library Name

      1306         78          0          0         96       1984   c_w.l
        26          0          0          0          0        116   fz_wm.l

    ----------------------------------------------------------------------
      1342         78          0          0         96       2100   Library Totals

    ----------------------------------------------------------------------

==============================================================================


      Code (inc. data)   RO Data    RW Data    ZI Data      Debug   

     24720        250        452         52       3972     316661   Grand Totals
     24720        250        452         52       3972     316661   ELF Image Totals
     24720        250        452         52          0          0   ROM Totals

==============================================================================

    Total RO  Size (Code + RO Data)                25172 (  24.58kB)
    Total RW  Size (RW Data + ZI Data)              4024 (   3.93kB)
    Total ROM Size (Code + RO Data + RW Data)      25224 (  24.63kB)

==============================================================================

